Archive member included to satisfy reference by file (symbol)

/home/victor/intelFPGA/19.1/nios2eds/bin/gnu/H-x86_64-pc-linux-gnu/bin/../lib/gcc/nios2-elf/8.3.1/../../../../../H-x86_64-pc-linux-gnu/nios2-elf/lib/mno-hw-mul/libc.a(lib_a-puts.o)
                              obj/default/hello_world.o (puts)
/home/victor/intelFPGA/19.1/nios2eds/bin/gnu/H-x86_64-pc-linux-gnu/bin/../lib/gcc/nios2-elf/8.3.1/../../../../../H-x86_64-pc-linux-gnu/nios2-elf/lib/mno-hw-mul/libc.a(lib_a-strlen.o)
                              /home/victor/intelFPGA/19.1/nios2eds/bin/gnu/H-x86_64-pc-linux-gnu/bin/../lib/gcc/nios2-elf/8.3.1/../../../../../H-x86_64-pc-linux-gnu/nios2-elf/lib/mno-hw-mul/libc.a(lib_a-puts.o) (strlen)
/home/victor/intelFPGA/19.1/nios2eds/bin/gnu/H-x86_64-pc-linux-gnu/bin/../lib/gcc/nios2-elf/8.3.1/../../../../../H-x86_64-pc-linux-gnu/nios2-elf/lib/mno-hw-mul/libc.a(lib_a-findfp.o)
                              /home/victor/intelFPGA/19.1/nios2eds/bin/gnu/H-x86_64-pc-linux-gnu/bin/../lib/gcc/nios2-elf/8.3.1/../../../../../H-x86_64-pc-linux-gnu/nios2-elf/lib/mno-hw-mul/libc.a(lib_a-puts.o) (__sinit)
/home/victor/intelFPGA/19.1/nios2eds/bin/gnu/H-x86_64-pc-linux-gnu/bin/../lib/gcc/nios2-elf/8.3.1/../../../../../H-x86_64-pc-linux-gnu/nios2-elf/lib/mno-hw-mul/libc.a(lib_a-fvwrite.o)
                              /home/victor/intelFPGA/19.1/nios2eds/bin/gnu/H-x86_64-pc-linux-gnu/bin/../lib/gcc/nios2-elf/8.3.1/../../../../../H-x86_64-pc-linux-gnu/nios2-elf/lib/mno-hw-mul/libc.a(lib_a-puts.o) (__sfvwrite_r)
/home/victor/intelFPGA/19.1/nios2eds/bin/gnu/H-x86_64-pc-linux-gnu/bin/../lib/gcc/nios2-elf/8.3.1/../../../../../H-x86_64-pc-linux-gnu/nios2-elf/lib/mno-hw-mul/libc.a(lib_a-fwalk.o)
                              /home/victor/intelFPGA/19.1/nios2eds/bin/gnu/H-x86_64-pc-linux-gnu/bin/../lib/gcc/nios2-elf/8.3.1/../../../../../H-x86_64-pc-linux-gnu/nios2-elf/lib/mno-hw-mul/libc.a(lib_a-findfp.o) (_fwalk)
/home/victor/intelFPGA/19.1/nios2eds/bin/gnu/H-x86_64-pc-linux-gnu/bin/../lib/gcc/nios2-elf/8.3.1/../../../../../H-x86_64-pc-linux-gnu/nios2-elf/lib/mno-hw-mul/libc.a(lib_a-impure.o)
                              /home/victor/intelFPGA/19.1/nios2eds/bin/gnu/H-x86_64-pc-linux-gnu/bin/../lib/gcc/nios2-elf/8.3.1/../../../../../H-x86_64-pc-linux-gnu/nios2-elf/lib/mno-hw-mul/libc.a(lib_a-findfp.o) (_global_impure_ptr)
/home/victor/intelFPGA/19.1/nios2eds/bin/gnu/H-x86_64-pc-linux-gnu/bin/../lib/gcc/nios2-elf/8.3.1/../../../../../H-x86_64-pc-linux-gnu/nios2-elf/lib/mno-hw-mul/libc.a(lib_a-mallocr.o)
                              /home/victor/intelFPGA/19.1/nios2eds/bin/gnu/H-x86_64-pc-linux-gnu/bin/../lib/gcc/nios2-elf/8.3.1/../../../../../H-x86_64-pc-linux-gnu/nios2-elf/lib/mno-hw-mul/libc.a(lib_a-findfp.o) (_malloc_r)
/home/victor/intelFPGA/19.1/nios2eds/bin/gnu/H-x86_64-pc-linux-gnu/bin/../lib/gcc/nios2-elf/8.3.1/../../../../../H-x86_64-pc-linux-gnu/nios2-elf/lib/mno-hw-mul/libc.a(lib_a-memchr.o)
                              /home/victor/intelFPGA/19.1/nios2eds/bin/gnu/H-x86_64-pc-linux-gnu/bin/../lib/gcc/nios2-elf/8.3.1/../../../../../H-x86_64-pc-linux-gnu/nios2-elf/lib/mno-hw-mul/libc.a(lib_a-fvwrite.o) (memchr)
/home/victor/intelFPGA/19.1/nios2eds/bin/gnu/H-x86_64-pc-linux-gnu/bin/../lib/gcc/nios2-elf/8.3.1/../../../../../H-x86_64-pc-linux-gnu/nios2-elf/lib/mno-hw-mul/libc.a(lib_a-memcpy.o)
                              /home/victor/intelFPGA/19.1/nios2eds/bin/gnu/H-x86_64-pc-linux-gnu/bin/../lib/gcc/nios2-elf/8.3.1/../../../../../H-x86_64-pc-linux-gnu/nios2-elf/lib/mno-hw-mul/libc.a(lib_a-fvwrite.o) (memcpy)
/home/victor/intelFPGA/19.1/nios2eds/bin/gnu/H-x86_64-pc-linux-gnu/bin/../lib/gcc/nios2-elf/8.3.1/../../../../../H-x86_64-pc-linux-gnu/nios2-elf/lib/mno-hw-mul/libc.a(lib_a-memmove.o)
                              /home/victor/intelFPGA/19.1/nios2eds/bin/gnu/H-x86_64-pc-linux-gnu/bin/../lib/gcc/nios2-elf/8.3.1/../../../../../H-x86_64-pc-linux-gnu/nios2-elf/lib/mno-hw-mul/libc.a(lib_a-fvwrite.o) (memmove)
/home/victor/intelFPGA/19.1/nios2eds/bin/gnu/H-x86_64-pc-linux-gnu/bin/../lib/gcc/nios2-elf/8.3.1/../../../../../H-x86_64-pc-linux-gnu/nios2-elf/lib/mno-hw-mul/libc.a(lib_a-memset.o)
                              /home/victor/intelFPGA/19.1/nios2eds/bin/gnu/H-x86_64-pc-linux-gnu/bin/../lib/gcc/nios2-elf/8.3.1/../../../../../H-x86_64-pc-linux-gnu/nios2-elf/lib/mno-hw-mul/libc.a(lib_a-findfp.o) (memset)
/home/victor/intelFPGA/19.1/nios2eds/bin/gnu/H-x86_64-pc-linux-gnu/bin/../lib/gcc/nios2-elf/8.3.1/../../../../../H-x86_64-pc-linux-gnu/nios2-elf/lib/mno-hw-mul/libc.a(lib_a-reallocr.o)
                              /home/victor/intelFPGA/19.1/nios2eds/bin/gnu/H-x86_64-pc-linux-gnu/bin/../lib/gcc/nios2-elf/8.3.1/../../../../../H-x86_64-pc-linux-gnu/nios2-elf/lib/mno-hw-mul/libc.a(lib_a-fvwrite.o) (_realloc_r)
/home/victor/intelFPGA/19.1/nios2eds/bin/gnu/H-x86_64-pc-linux-gnu/bin/../lib/gcc/nios2-elf/8.3.1/../../../../../H-x86_64-pc-linux-gnu/nios2-elf/lib/mno-hw-mul/libc.a(lib_a-sbrkr.o)
[...]
Memory Configuration

Name             Origin             Length             Attributes
reset            0x0000000000008000 0x0000000000000020
onchip_memory2_0 0x0000000000008020 0x0000000000007fe0
*default*        0x0000000000000000 0xffffffffffffffff

Linker script and memory map

LOAD ../niosLab2_bsp//obj/HAL/src/crt0.o
LOAD obj/default/hello_world.o
LOAD /home/victor/intelFPGA/19.1/nios2eds/bin/gnu/H-x86_64-pc-linux-gnu/bin/../lib/gcc/nios2-elf/8.3.1/../../../../../H-x86_64-pc-linux-gnu/nios2-elf/lib/mno-hw-mul/libstdc++.a
LOAD /home/victor/intelFPGA/19.1/nios2eds/bin/gnu/H-x86_64-pc-linux-gnu/bin/../lib/gcc/nios2-elf/8.3.1/../../../../../H-x86_64-pc-linux-gnu/nios2-elf/lib/mno-hw-mul/libm.a
LOAD /home/victor/intelFPGA/19.1/nios2eds/bin/gnu/H-x86_64-pc-linux-gnu/bin/../lib/gcc/nios2-elf/8.3.1/mno-hw-mul/libgcc.a
START GROUP
LOAD /home/victor/intelFPGA/19.1/nios2eds/bin/gnu/H-x86_64-pc-linux-gnu/bin/../lib/gcc/nios2-elf/8.3.1/../../../../../H-x86_64-pc-linux-gnu/nios2-elf/lib/mno-hw-mul/libc.a
LOAD /home/victor/intelFPGA/19.1/nios2eds/bin/gnu/H-x86_64-pc-linux-gnu/bin/../lib/gcc/nios2-elf/8.3.1/mno-hw-mul/libgcc.a
LOAD ../niosLab2_bsp//libhal_bsp.a
LOAD /home/victor/intelFPGA/19.1/nios2eds/bin/gnu/H-x86_64-pc-linux-gnu/bin/../lib/gcc/nios2-elf/8.3.1/../../../../../H-x86_64-pc-linux-gnu/nios2-elf/lib/mno-hw-mul/libm.a
END GROUP
LOAD /home/victor/intelFPGA/19.1/nios2eds/bin/gnu/H-x86_64-pc-linux-gnu/bin/../lib/gcc/nios2-elf/8.3.1/mno-hw-mul/libgcc.a
                0x0000000000008000                __alt_mem_onchip_memory2_0 = 0x8000

.entry          0x0000000000008000       0x20
 *(.entry)
 .entry         0x0000000000008000       0x20 ../niosLab2_bsp//obj/HAL/src/crt0.o
                0x0000000000008000                __reset

.exceptions     0x0000000000008020        0x0
                0x0000000000008020                PROVIDE (__ram_exceptions_start = ABSOLUTE (.))
                0x0000000000008020                . = ALIGN (0x20)
 *(.irq)
 *(.exceptions.entry.label)
 *(.exceptions.entry.user)
 *(.exceptions.entry.ecc_fatal)
 *(.exceptions.entry)
 *(.exceptions.irqtest.user)
 *(.exceptions.irqtest)
 *(.exceptions.irqhandler.user)
 *(.exceptions.irqhandler)
 *(.exceptions.irqreturn.user)
 *(.exceptions.irqreturn)
 *(.exceptions.notirq.label)
 *(.exceptions.notirq.user)
 *(.exceptions.notirq)
 *(.exceptions.soft.user)
 *(.exceptions.soft)
 *(.exceptions.unknown.user)
 *(.exceptions.unknown)
 *(.exceptions.exit.label)
 *(.exceptions.exit.user)
 *(.exceptions.exit)
 *(.exceptions)
                0x0000000000008020                PROVIDE (__ram_exceptions_end = ABSOLUTE (.))
                0x0000000000008020                PROVIDE (__flash_exceptions_start = LOADADDR (.exceptions))

.text           0x0000000000008020     0x4778
                [!provide]                        PROVIDE (stext = ABSOLUTE (.))
 *(.interp)
 *(.hash)
 *(.dynsym)
 *(.dynstr)
 *(.gnu.version)
 *(.gnu.version_d)
 *(.gnu.version_r)
 *(.rel.init)
 *(.rela.init)
 *(.rel.text .rel.text.* .rel.gnu.linkonce.t.*)
 *(.rela.text .rela.text.* .rela.gnu.linkonce.t.*)
 *(.rel.fini)
 *(.rela.fini)
 *(.rel.rodata .rel.rodata.* .rel.gnu.linkonce.r.*)
 *(.rela.rodata .rela.rodata.* .rela.gnu.linkonce.r.*)
 *(.rel.data .rel.data.* .rel.gnu.linkonce.d.*)
 *(.rela.data .rela.data.* .rela.gnu.linkonce.d.*)
 *(.rel.tdata .rel.tdata.* .rel.gnu.linkonce.td.*)
 *(.rela.tdata .rela.tdata.* .rela.gnu.linkonce.td.*)
 *(.rel.tbss .rel.tbss.* .rel.gnu.linkonce.tb.*)
 *(.rela.tbss .rela.tbss.* .rela.gnu.linkonce.tb.*)
 *(.rel.ctors)
 *(.rela.ctors)
 *(.rel.dtors)
 *(.rela.dtors)
 *(.rel.got)
 *(.rela.got)
 *(.rel.sdata .rel.sdata.* .rel.gnu.linkonce.s.*)
 *(.rela.sdata .rela.sdata.* .rela.gnu.linkonce.s.*)
 *(.rel.sbss .rel.sbss.* .rel.gnu.linkonce.sb.*)
 *(.rela.sbss .rela.sbss.* .rela.gnu.linkonce.sb.*)
 *(.rel.sdata2 .rel.sdata2.* .rel.gnu.linkonce.s2.*)
 *(.rela.sdata2 .rela.sdata2.* .rela.gnu.linkonce.s2.*)
 *(.rel.sbss2 .rel.sbss2.* .rel.gnu.linkonce.sb2.*)
 *(.rela.sbss2 .rela.sbss2.* .rela.gnu.linkonce.sb2.*)
 *(.rel.bss .rel.bss.* .rel.gnu.linkonce.b.*)
 *(.rela.bss .rela.bss.* .rela.gnu.linkonce.b.*)
 *(.rel.plt)
 *(.rela.plt)
 *(.rel.dyn)
 *(.init)
 *(.plt)
 *(.text .stub .text.* .gnu.linkonce.t.*)
 .text          0x0000000000008020       0x3c ../niosLab2_bsp//obj/HAL/src/crt0.o
                0x0000000000008020                _start
 .text          0x000000000000805c       0xa0 obj/default/hello_world.o
                0x000000000000805c                delay
                0x00000000000080a0                main
 .text          0x00000000000080fc        0x0 /home/victor/intelFPGA/19.1/nios2eds/bin/gnu/H-x86_64-pc-linux-gnu/bin/../lib/gcc/nios2-elf/8.3.1/../../../../../H-x86_64-pc-linux-gnu/nios2-elf/lib/mno-hw-mul/libc.a(lib_a-puts.o)
 .text._puts_r  0x00000000000080fc       0xcc /home/victor/intelFPGA/19.1/nios2eds/bin/gnu/H-x86_64-pc-linux-gnu/bin/../lib/gcc/nios2-elf/8.3.1/../../../../../H-x86_64-pc-linux-gnu/nios2-elf/lib/mno-hw-mul/libc.a(lib_a-puts.o)
                0x00000000000080fc                _puts_r
 .text.puts     0x00000000000081c8       0x10 /home/victor/intelFPGA/19.1/nios2eds/bin/gnu/H-x86_64-pc-linux-gnu/bin/../lib/gcc/nios2-elf/8.3.1/../../../../../H-x86_64-pc-linux-gnu/nios2-elf/lib/mno-hw-mul/libc.a(lib_a-puts.o)
                0x00000000000081c8                puts
 .text          0x00000000000081d8        0x0 /home/victor/intelFPGA/19.1/nios2eds/bin/gnu/H-x86_64-pc-linux-gnu/bin/../lib/gcc/nios2-elf/8.3.1/../../../../../H-x86_64-pc-linux-gnu/nios2-elf/lib/mno-hw-mul/libc.a(lib_a-strlen.o)
 .text.strlen   0x00000000000081d8       0x98 /home/victor/intelFPGA/19.1/nios2eds/bin/gnu/H-x86_64-pc-linux-gnu/bin/../lib/gcc/nios2-elf/8.3.1/../../../../../H-x86_64-pc-linux-gnu/nios2-elf/lib/mno-hw-mul/libc.a(lib_a-strlen.o)
                0x00000000000081d8                strlen
 .text          0x0000000000008270        0x0 /home/victor/intelFPGA/19.1/nios2eds/bin/gnu/H-x86_64-pc-linux-gnu/bin/../lib/gcc/nios2-elf/8.3.1/../../../../../H-x86_64-pc-linux-gnu/nios2-elf/lib/mno-hw-mul/libc.a(lib_a-findfp.o)
 .text.__fp_lock
                0x0000000000008270        0x8 /home/victor/intelFPGA/19.1/nios2eds/bin/gnu/H-x86_64-pc-linux-gnu/bin/../lib/gcc/nios2-elf/8.3.1/../../../../../H-x86_64-pc-linux-gnu/nios2-elf/lib/mno-hw-mul/libc.a(lib_a-findfp.o)
 .text._cleanup_r
                0x0000000000008278        0xc /home/victor/intelFPGA/19.1/nios2eds/bin/gnu/H-x86_64-pc-linux-gnu/bin/../lib/gcc/nios2-elf/8.3.1/../../../../../H-x86_64-pc-linux-gnu/nios2-elf/lib/mno-hw-mul/libc.a(lib_a-findfp.o)
                0x0000000000008278                _cleanup_r
 .text.__sinit.part.0
                0x0000000000008284      0x168 /home/victor/intelFPGA/19.1/nios2eds/bin/gnu/H-x86_64-pc-linux-gnu/bin/../lib/gcc/nios2-elf/8.3.1/../../../../../H-x86_64-pc-linux-gnu/nios2-elf/lib/mno-hw-mul/libc.a(lib_a-findfp.o)
 .text.__fp_unlock
                0x00000000000083ec        0x8 /home/victor/intelFPGA/19.1/nios2eds/bin/gnu/H-x86_64-pc-linux-gnu/bin/../lib/gcc/nios2-elf/8.3.1/../../../../../H-x86_64-pc-linux-gnu/nios2-elf/lib/mno-hw-mul/libc.a(lib_a-findfp.o)
 .text.__sfmoreglue
                0x00000000000083f4       0x78 /home/victor/intelFPGA/19.1/nios2eds/bin/gnu/H-x86_64-pc-linux-gnu/bin/../lib/gcc/nios2-elf/8.3.1/../../../../../H-x86_64-pc-linux-gnu/nios2-elf/lib/mno-hw-mul/libc.a(lib_a-findfp.o)
                0x00000000000083f4                __sfmoreglue
 .text.__sfp    0x000000000000846c       0xfc /home/victor/intelFPGA/19.1/nios2eds/bin/gnu/H-x86_64-pc-linux-gnu/bin/../lib/gcc/nios2-elf/8.3.1/../../../../../H-x86_64-pc-linux-gnu/nios2-elf/lib/mno-hw-mul/libc.a(lib_a-findfp.o)
                0x000000000000846c                __sfp
 .text._cleanup
                0x0000000000008568       0x14 /home/victor/intelFPGA/19.1/nios2eds/bin/gnu/H-x86_64-pc-linux-gnu/bin/../lib/gcc/nios2-elf/8.3.1/../../../../../H-x86_64-pc-linux-gnu/nios2-elf/lib/mno-hw-mul/libc.a(lib_a-findfp.o)
                0x0000000000008568                _cleanup
 .text.__sinit  0x000000000000857c       0x10 /home/victor/intelFPGA/19.1/nios2eds/bin/gnu/H-x86_64-pc-linux-gnu/bin/../lib/gcc/nios2-elf/8.3.1/../../../../../H-x86_64-pc-linux-gnu/nios2-elf/lib/mno-hw-mul/libc.a(lib_a-findfp.o)
                0x000000000000857c                __sinit
 .text.__sfp_lock_acquire
                0x000000000000858c        0x4 /home/victor/intelFPGA/19.1/nios2eds/bin/gnu/H-x86_64-pc-linux-gnu/bin/../lib/gcc/nios2-elf/8.3.1/../../../../../H-x86_64-pc-linux-gnu/nios2-elf/lib/mno-hw-mul/libc.a(lib_a-findfp.o)
                0x000000000000858c                __sfp_lock_acquire
 .text.__sfp_lock_release
                0x0000000000008590        0x4 /home/victor/intelFPGA/19.1/nios2eds/bin/gnu/H-x86_64-pc-linux-gnu/bin/../lib/gcc/nios2-elf/8.3.1/../../../../../H-x86_64-pc-linux-gnu/nios2-elf/lib/mno-hw-mul/libc.a(lib_a-findfp.o)
                0x0000000000008590                __sfp_lock_release
 .text.__sinit_lock_acquire
                0x0000000000008594        0x4 /home/victor/intelFPGA/19.1/nios2eds/bin/gnu/H-x86_64-pc-linux-gnu/bin/../lib/gcc/nios2-elf/8.3.1/../../../../../H-x86_64-pc-linux-gnu/nios2-elf/lib/mno-hw-mul/libc.a(lib_a-findfp.o)
                0x0000000000008594                __sinit_lock_acquire
 .text.__sinit_lock_release
                0x0000000000008598        0x4 /home/victor/intelFPGA/19.1/nios2eds/bin/gnu/H-x86_64-pc-linux-gnu/bin/../lib/gcc/nios2-elf/8.3.1/../../../../../H-x86_64-pc-linux-gnu/nios2-elf/lib/mno-hw-mul/libc.a(lib_a-findfp.o)
                0x0000000000008598                __sinit_lock_release
 .text.__fp_lock_all
                0x000000000000859c       0x14 /home/victor/intelFPGA/19.1/nios2eds/bin/gnu/H-x86_64-pc-linux-gnu/bin/../lib/gcc/nios2-elf/8.3.1/../../../../../H-x86_64-pc-linux-gnu/nios2-elf/lib/mno-hw-mul/libc.a(lib_a-findfp.o)
                0x000000000000859c                __fp_lock_all
 .text.__fp_unlock_all
                0x00000000000085b0       0x14 /home/victor/intelFPGA/19.1/nios2eds/bin/gnu/H-x86_64-pc-linux-gnu/bin/../lib/gcc/nios2-elf/8.3.1/../../../../../H-x86_64-pc-linux-gnu/nios2-elf/lib/mno-hw-mul/libc.a(lib_a-findfp.o)
                0x00000000000085b0                __fp_unlock_all
 .text          0x00000000000085c4        0x0 /home/victor/intelFPGA/19.1/nios2eds/bin/gnu/H-x86_64-pc-linux-gnu/bin/../lib/gcc/nios2-elf/8.3.1/../../../../../H-x86_64-pc-linux-gnu/nios2-elf/lib/mno-hw-mul/libc.a(lib_a-fvwrite.o)
 .text.__sfvwrite_r
                0x00000000000085c4      0x4d4 /home/victor/intelFPGA/19.1/nios2eds/bin/gnu/H-x86_64-pc-linux-gnu/bin/../lib/gcc/nios2-elf/8.3.1/../../../../../H-x86_64-pc-linux-gnu/nios2-elf/lib/mno-hw-mul/libc.a(lib_a-fvwrite.o)
                0x00000000000085c4                __sfvwrite_r
 .text          0x0000000000008a98        0x0 /home/victor/intelFPGA/19.1/nios2eds/bin/gnu/H-x86_64-pc-linux-gnu/bin/../lib/gcc/nios2-elf/8.3.1/../../../../../H-x86_64-pc-linux-gnu/nios2-elf/lib/mno-hw-mul/libc.a(lib_a-fwalk.o)
 .text._fwalk   0x0000000000008a98       0xa4 /home/victor/intelFPGA/19.1/nios2eds/bin/gnu/H-x86_64-pc-linux-gnu/bin/../lib/gcc/nios2-elf/8.3.1/../../../../../H-x86_64-pc-linux-gnu/nios2-elf/lib/mno-hw-mul/libc.a(lib_a-fwalk.o)
                0x0000000000008a98                _fwalk
 .text._fwalk_reent
                0x0000000000008b3c       0xb4 /home/victor/intelFPGA/19.1/nios2eds/bin/gnu/H-x86_64-pc-linux-gnu/bin/../lib/gcc/nios2-elf/8.3.1/../../../../../H-x86_64-pc-linux-gnu/nios2-elf/lib/mno-hw-mul/libc.a(lib_a-fwalk.o)
                0x0000000000008b3c                _fwalk_reent
 .text          0x0000000000008bf0        0x0 /home/victor/intelFPGA/19.1/nios2eds/bin/gnu/H-x86_64-pc-linux-gnu/bin/../lib/gcc/nios2-elf/8.3.1/../../../../../H-x86_64-pc-linux-gnu/nios2-elf/lib/mno-hw-mul/libc.a(lib_a-impure.o)
 .text          0x0000000000008bf0        0x0 /home/victor/intelFPGA/19.1/nios2eds/bin/gnu/H-x86_64-pc-linux-gnu/bin/../lib/gcc/nios2-elf/8.3.1/../../../../../H-x86_64-pc-linux-gnu/nios2-elf/lib/mno-hw-mul/libc.a(lib_a-mallocr.o)
 .text._malloc_r
                0x0000000000008bf0      0x7f4 /home/victor/intelFPGA/19.1/nios2eds/bin/gnu/H-x86_64-pc-linux-gnu/bin/../lib/gcc/nios2-elf/8.3.1/../../../../../H-x86_64-pc-linux-gnu/nios2-elf/lib/mno-hw-mul/libc.a(lib_a-mallocr.o)
                0x0000000000008bf0                _malloc_r
 .text          0x00000000000093e4        0x0 /home/victor/intelFPGA/19.1/nios2eds/bin/gnu/H-x86_64-pc-linux-gnu/bin/../lib/gcc/nios2-elf/8.3.1/../../../../../H-x86_64-pc-linux-gnu/nios2-elf/lib/mno-hw-mul/libc.a(lib_a-memchr.o)
 .text.memchr   0x00000000000093e4       0xe8 /home/victor/intelFPGA/19.1/nios2eds/bin/gnu/H-x86_64-pc-linux-gnu/bin/../lib/gcc/nios2-elf/8.3.1/../../../../../H-x86_64-pc-linux-gnu/nios2-elf/lib/mno-hw-mul/libc.a(lib_a-memchr.o)
                0x00000000000093e4                memchr
 .text          0x00000000000094cc        0x0 /home/victor/intelFPGA/19.1/nios2eds/bin/gnu/H-x86_64-pc-linux-gnu/bin/../lib/gcc/nios2-elf/8.3.1/../../../../../H-x86_64-pc-linux-gnu/nios2-elf/lib/mno-hw-mul/libc.a(lib_a-memcpy.o)
 .text.memcpy   0x00000000000094cc      0x100 /home/victor/intelFPGA/19.1/nios2eds/bin/gnu/H-x86_64-pc-linux-gnu/bin/../lib/gcc/nios2-elf/8.3.1/../../../../../H-x86_64-pc-linux-gnu/nios2-elf/lib/mno-hw-mul/libc.a(lib_a-memcpy.o)
                0x00000000000094cc                memcpy
 .text          0x00000000000095cc        0x0 /home/victor/intelFPGA/19.1/nios2eds/bin/gnu/H-x86_64-pc-linux-gnu/bin/../lib/gcc/nios2-elf/8.3.1/../../../../../H-x86_64-pc-linux-gnu/nios2-elf/lib/mno-hw-mul/libc.a(lib_a-memmove.o)
 .text.memmove  0x00000000000095cc      0x12c /home/victor/intelFPGA/19.1/nios2eds/bin/gnu/H-x86_64-pc-linux-gnu/bin/../lib/gcc/nios2-elf/8.3.1/../../../../../H-x86_64-pc-linux-gnu/nios2-elf/lib/mno-hw-mul/libc.a(lib_a-memmove.o)
                0x00000000000095cc                memmove
 .text          0x00000000000096f8        0x0 /home/victor/intelFPGA/19.1/nios2eds/bin/gnu/H-x86_64-pc-linux-gnu/bin/../lib/gcc/nios2-elf/8.3.1/../../../../../H-x86_64-pc-linux-gnu/nios2-elf/lib/mno-hw-mul/libc.a(lib_a-memset.o)
 .text.memset   0x00000000000096f8       0xf0 /home/victor/intelFPGA/19.1/nios2eds/bin/gnu/H-x86_64-pc-linux-gnu/bin/../lib/gcc/nios2-elf/8.3.1/../../../../../H-x86_64-pc-linux-gnu/nios2-elf/lib/mno-hw-mul/libc.a(lib_a-memset.o)
                0x00000000000096f8                memset
 .text          0x00000000000097e8        0x0 /home/victor/intelFPGA/19.1/nios2eds/bin/gnu/H-x86_64-pc-linux-gnu/bin/../lib/gcc/nios2-elf/8.3.1/../../../../../H-x86_64-pc-linux-gnu/nios2-elf/lib/mno-hw-mul/libc.a(lib_a-reallocr.o)
 .text._realloc_r
                0x00000000000097e8      0x62c /home/victor/intelFPGA/19.1/nios2eds/bin/gnu/H-x86_64-pc-linux-gnu/bin/../lib/gcc/nios2-elf/8.3.1/../../../../../H-x86_64-pc-linux-gnu/nios2-elf/lib/mno-hw-mul/libc.a(lib_a-reallocr.o)
                0x00000000000097e8                _realloc_r
 .text          0x0000000000009e14        0x0 /home/victor/intelFPGA/19.1/nios2eds/bin/gnu/H-x86_64-pc-linux-gnu/bin/../lib/gcc/nios2-elf/8.3.1/../../../../../H-x86_64-pc-linux-gnu/nios2-elf/lib/mno-hw-mul/libc.a(lib_a-sbrkr.o)
 .text._sbrk_r  0x0000000000009e14       0x58 /home/victor/intelFPGA/19.1/nios2eds/bin/gnu/H-x86_64-pc-linux-gnu/bin/../lib/gcc/nios2-elf/8.3.1/../../../../../H-x86_64-pc-linux-gnu/nios2-elf/lib/mno-hw-mul/libc.a(lib_a-sbrkr.o)
                0x0000000000009e14                _sbrk_r
 .text          0x0000000000009e6c        0x0 /home/victor/intelFPGA/19.1/nios2eds/bin/gnu/H-x86_64-pc-linux-gnu/bin/../lib/gcc/nios2-elf/8.3.1/../../../../../H-x86_64-pc-linux-gnu/nios2-elf/lib/mno-hw-mul/libc.a(lib_a-stdio.o)
 .text.__sread  0x0000000000009e6c       0x54 /home/victor/intelFPGA/19.1/nios2eds/bin/gnu/H-x86_64-pc-linux-gnu/bin/../lib/gcc/nios2-elf/8.3.1/../../../../../H-x86_64-pc-linux-gnu/nios2-elf/lib/mno-hw-mul/libc.a(lib_a-stdio.o)
                0x0000000000009e6c                __sread
 .text.__seofread
                0x0000000000009ec0        0x8 /home/victor/intelFPGA/19.1/nios2eds/bin/gnu/H-x86_64-pc-linux-gnu/bin/../lib/gcc/nios2-elf/8.3.1/../../../../../H-x86_64-pc-linux-gnu/nios2-elf/lib/mno-hw-mul/libc.a(lib_a-stdio.o)
                0x0000000000009ec0                __seofread
 .text.__swrite
                0x0000000000009ec8       0x80 /home/victor/intelFPGA/19.1/nios2eds/bin/gnu/H-x86_64-pc-linux-gnu/bin/../lib/gcc/nios2-elf/8.3.1/../../../../../H-x86_64-pc-linux-gnu/nios2-elf/lib/mno-hw-mul/libc.a(lib_a-stdio.o)
                0x0000000000009ec8                __swrite
 .text.__sseek  0x0000000000009f48       0x5c /home/victor/intelFPGA/19.1/nios2eds/bin/gnu/H-x86_64-pc-linux-gnu/bin/../lib/gcc/nios2-elf/8.3.1/../../../../../H-x86_64-pc-linux-gnu/nios2-elf/lib/mno-hw-mul/libc.a(lib_a-stdio.o)
                0x0000000000009f48                __sseek
 .text.__sclose
                0x0000000000009fa4        0x8 /home/victor/intelFPGA/19.1/nios2eds/bin/gnu/H-x86_64-pc-linux-gnu/bin/../lib/gcc/nios2-elf/8.3.1/../../../../../H-x86_64-pc-linux-gnu/nios2-elf/lib/mno-hw-mul/libc.a(lib_a-stdio.o)
                0x0000000000009fa4                __sclose
 .text          0x0000000000009fac        0x0 /home/victor/intelFPGA/19.1/nios2eds/bin/gnu/H-x86_64-pc-linux-gnu/bin/../lib/gcc/nios2-elf/8.3.1/../../../../../H-x86_64-pc-linux-gnu/nios2-elf/lib/mno-hw-mul/libc.a(lib_a-writer.o)
 .text._write_r
                0x0000000000009fac       0x64 /home/victor/intelFPGA/19.1/nios2eds/bin/gnu/H-x86_64-pc-linux-gnu/bin/../lib/gcc/nios2-elf/8.3.1/../../../../../H-x86_64-pc-linux-gnu/nios2-elf/lib/mno-hw-mul/libc.a(lib_a-writer.o)
                0x0000000000009fac                _write_r
 .text          0x000000000000a010        0x0 /home/victor/intelFPGA/19.1/nios2eds/bin/gnu/H-x86_64-pc-linux-gnu/bin/../lib/gcc/nios2-elf/8.3.1/../../../../../H-x86_64-pc-linux-gnu/nios2-elf/lib/mno-hw-mul/libc.a(lib_a-wsetup.o)
 .text.__swsetup_r
                0x000000000000a010      0x160 /home/victor/intelFPGA/19.1/nios2eds/bin/gnu/H-x86_64-pc-linux-gnu/bin/../lib/gcc/nios2-elf/8.3.1/../../../../../H-x86_64-pc-linux-gnu/nios2-elf/lib/mno-hw-mul/libc.a(lib_a-wsetup.o)
                0x000000000000a010                __swsetup_r
 .text          0x000000000000a170        0x0 /home/victor/intelFPGA/19.1/nios2eds/bin/gnu/H-x86_64-pc-linux-gnu/bin/../lib/gcc/nios2-elf/8.3.1/../../../../../H-x86_64-pc-linux-gnu/nios2-elf/lib/mno-hw-mul/libc.a(closer.o)
 .text._close_r
                0x000000000000a170       0x58 /home/victor/intelFPGA/19.1/nios2eds/bin/gnu/H-x86_64-pc-linux-gnu/bin/../lib/gcc/nios2-elf/8.3.1/../../../../../H-x86_64-pc-linux-gnu/nios2-elf/lib/mno-hw-mul/libc.a(closer.o)
                0x000000000000a170                _close_r
 .text          0x000000000000a1c8        0x0 /home/victor/intelFPGA/19.1/nios2eds/bin/gnu/H-x86_64-pc-linux-gnu/bin/../lib/gcc/nios2-elf/8.3.1/../../../../../H-x86_64-pc-linux-gnu/nios2-elf/lib/mno-hw-mul/libc.a(lib_a-fclose.o)
 .text._fclose_r
                0x000000000000a1c8       0xf8 /home/victor/intelFPGA/19.1/nios2eds/bin/gnu/H-x86_64-pc-linux-gnu/bin/../lib/gcc/nios2-elf/8.3.1/../../../../../H-x86_64-pc-linux-gnu/nios2-elf/lib/mno-hw-mul/libc.a(lib_a-fclose.o)
                0x000000000000a1c8                _fclose_r
 .text.fclose   0x000000000000a2c0       0x10 /home/victor/intelFPGA/19.1/nios2eds/bin/gnu/H-x86_64-pc-linux-gnu/bin/../lib/gcc/nios2-elf/8.3.1/../../../../../H-x86_64-pc-linux-gnu/nios2-elf/lib/mno-hw-mul/libc.a(lib_a-fclose.o)
                0x000000000000a2c0                fclose
 .text          0x000000000000a2d0        0x0 /home/victor/intelFPGA/19.1/nios2eds/bin/gnu/H-x86_64-pc-linux-gnu/bin/../lib/gcc/nios2-elf/8.3.1/../../../../../H-x86_64-pc-linux-gnu/nios2-elf/lib/mno-hw-mul/libc.a(lib_a-fflush.o)
 .text.__sflush_r
                0x000000000000a2d0      0x228 /home/victor/intelFPGA/19.1/nios2eds/bin/gnu/H-x86_64-pc-linux-gnu/bin/../lib/gcc/nios2-elf/8.3.1/../../../../../H-x86_64-pc-linux-gnu/nios2-elf/lib/mno-hw-mul/libc.a(lib_a-fflush.o)
                0x000000000000a2d0                __sflush_r
 .text._fflush_r
                0x000000000000a4f8       0x60 /home/victor/intelFPGA/19.1/nios2eds/bin/gnu/H-x86_64-pc-linux-gnu/bin/../lib/gcc/nios2-elf/8.3.1/../../../../../H-x86_64-pc-linux-gnu/nios2-elf/lib/mno-hw-mul/libc.a(lib_a-fflush.o)
                0x000000000000a4f8                _fflush_r
 .text.fflush   0x000000000000a558       0x28 /home/victor/intelFPGA/19.1/nios2eds/bin/gnu/H-x86_64-pc-linux-gnu/bin/../lib/gcc/nios2-elf/8.3.1/../../../../../H-x86_64-pc-linux-gnu/nios2-elf/lib/mno-hw-mul/libc.a(lib_a-fflush.o)
                0x000000000000a558                fflush
 .text          0x000000000000a580        0x0 /home/victor/intelFPGA/19.1/nios2eds/bin/gnu/H-x86_64-pc-linux-gnu/bin/../lib/gcc/nios2-elf/8.3.1/../../../../../H-x86_64-pc-linux-gnu/nios2-elf/lib/mno-hw-mul/libc.a(lib_a-freer.o)
 .text._malloc_trim_r
                0x000000000000a580      0x11c /home/victor/intelFPGA/19.1/nios2eds/bin/gnu/H-x86_64-pc-linux-gnu/bin/../lib/gcc/nios2-elf/8.3.1/../../../../../H-x86_64-pc-linux-gnu/nios2-elf/lib/mno-hw-mul/libc.a(lib_a-freer.o)
                0x000000000000a580                _malloc_trim_r
 .text._free_r  0x000000000000a69c      0x2fc /home/victor/intelFPGA/19.1/nios2eds/bin/gnu/H-x86_64-pc-linux-gnu/bin/../lib/gcc/nios2-elf/8.3.1/../../../../../H-x86_64-pc-linux-gnu/nios2-elf/lib/mno-hw-mul/libc.a(lib_a-freer.o)
                0x000000000000a69c                _free_r
 .text          0x000000000000a998        0x0 /home/victor/intelFPGA/19.1/nios2eds/bin/gnu/H-x86_64-pc-linux-gnu/bin/../lib/gcc/nios2-elf/8.3.1/../../../../../H-x86_64-pc-linux-gnu/nios2-elf/lib/mno-hw-mul/libc.a(lib_a-int_errno.o)
 .text          0x000000000000a998        0x0 /home/victor/intelFPGA/19.1/nios2eds/bin/gnu/H-x86_64-pc-linux-gnu/bin/../lib/gcc/nios2-elf/8.3.1/../../../../../H-x86_64-pc-linux-gnu/nios2-elf/lib/mno-hw-mul/libc.a(lib_a-lseekr.o)
 .text._lseek_r
                0x000000000000a998       0x64 /home/victor/intelFPGA/19.1/nios2eds/bin/gnu/H-x86_64-pc-linux-gnu/bin/../lib/gcc/nios2-elf/8.3.1/../../../../../H-x86_64-pc-linux-gnu/nios2-elf/lib/mno-hw-mul/libc.a(lib_a-lseekr.o)
                0x000000000000a998                _lseek_r
 .text          0x000000000000a9fc        0x0 /home/victor/intelFPGA/19.1/nios2eds/bin/gnu/H-x86_64-pc-linux-gnu/bin/../lib/gcc/nios2-elf/8.3.1/../../../../../H-x86_64-pc-linux-gnu/nios2-elf/lib/mno-hw-mul/libc.a(lib_a-makebuf.o)
 .text.__swhatbuf_r
                0x000000000000a9fc       0x98 /home/victor/intelFPGA/19.1/nios2eds/bin/gnu/H-x86_64-pc-linux-gnu/bin/../lib/gcc/nios2-elf/8.3.1/../../../../../H-x86_64-pc-linux-gnu/nios2-elf/lib/mno-hw-mul/libc.a(lib_a-makebuf.o)
                0x000000000000a9fc                __swhatbuf_r
 .text.__smakebuf_r
                0x000000000000aa94      0x13c /home/victor/intelFPGA/19.1/nios2eds/bin/gnu/H-x86_64-pc-linux-gnu/bin/../lib/gcc/nios2-elf/8.3.1/../../../../../H-x86_64-pc-linux-gnu/nios2-elf/lib/mno-hw-mul/libc.a(lib_a-makebuf.o)
                0x000000000000aa94                __smakebuf_r
 .text          0x000000000000abd0        0x0 /home/victor/intelFPGA/19.1/nios2eds/bin/gnu/H-x86_64-pc-linux-gnu/bin/../lib/gcc/nios2-elf/8.3.1/../../../../../H-x86_64-pc-linux-gnu/nios2-elf/lib/mno-hw-mul/libc.a(lib_a-readr.o)
 .text._read_r  0x000000000000abd0       0x64 /home/victor/intelFPGA/19.1/nios2eds/bin/gnu/H-x86_64-pc-linux-gnu/bin/../lib/gcc/nios2-elf/8.3.1/../../../../../H-x86_64-pc-linux-gnu/nios2-elf/lib/mno-hw-mul/libc.a(lib_a-readr.o)
                0x000000000000abd0                _read_r
 .text          0x000000000000ac34        0x0 /home/victor/intelFPGA/19.1/nios2eds/bin/gnu/H-x86_64-pc-linux-gnu/bin/../lib/gcc/nios2-elf/8.3.1/../../../../../H-x86_64-pc-linux-gnu/nios2-elf/lib/mno-hw-mul/libc.a(lib_a-fstatr.o)
 .text._fstat_r
                0x000000000000ac34       0x60 /home/victor/intelFPGA/19.1/nios2eds/bin/gnu/H-x86_64-pc-linux-gnu/bin/../lib/gcc/nios2-elf/8.3.1/../../../../../H-x86_64-pc-linux-gnu/nios2-elf/lib/mno-hw-mul/libc.a(lib_a-fstatr.o)
                0x000000000000ac34                _fstat_r
 .text          0x000000000000ac94        0x0 /home/victor/intelFPGA/19.1/nios2eds/bin/gnu/H-x86_64-pc-linux-gnu/bin/../lib/gcc/nios2-elf/8.3.1/../../../../../H-x86_64-pc-linux-gnu/nios2-elf/lib/mno-hw-mul/libc.a(lib_a-isattyr.o)
 .text._isatty_r
                0x000000000000ac94       0x58 /home/victor/intelFPGA/19.1/nios2eds/bin/gnu/H-x86_64-pc-linux-gnu/bin/../lib/gcc/nios2-elf/8.3.1/../../../../../H-x86_64-pc-linux-gnu/nios2-elf/lib/mno-hw-mul/libc.a(lib_a-isattyr.o)
                0x000000000000ac94                _isatty_r
 .text          0x000000000000acec      0x1b8 /home/victor/intelFPGA/19.1/nios2eds/bin/gnu/H-x86_64-pc-linux-gnu/bin/../lib/gcc/nios2-elf/8.3.1/mno-hw-mul/libgcc.a(lib2-divmod.o)
                0x000000000000acec                __divsi3
                0x000000000000ad6c                __modsi3
                0x000000000000ade4                __udivsi3
                0x000000000000ae48                __umodsi3
 .text          0x000000000000aea4       0x28 /home/victor/intelFPGA/19.1/nios2eds/bin/gnu/H-x86_64-pc-linux-gnu/bin/../lib/gcc/nios2-elf/8.3.1/mno-hw-mul/libgcc.a(lib2-mul.o)
                0x000000000000aea4                __mulsi3
 .text          0x000000000000aecc      0x118 ../niosLab2_bsp//libhal_bsp.a(alt_close.o)
                0x000000000000af08                close
 .text          0x000000000000afe4       0x2c ../niosLab2_bsp//libhal_bsp.a(alt_dev.o)
 .text          0x000000000000b010        0x0 ../niosLab2_bsp//libhal_bsp.a(alt_errno.o)
 .text          0x000000000000b010       0xf8 ../niosLab2_bsp//libhal_bsp.a(alt_fstat.o)
                0x000000000000b04c                fstat
 .text          0x000000000000b108       0xec ../niosLab2_bsp//libhal_bsp.a(alt_isatty.o)
                0x000000000000b144                isatty
 .text          0x000000000000b1f4       0xec ../niosLab2_bsp//libhal_bsp.a(alt_load.o)
                0x000000000000b25c                alt_load
 .text          0x000000000000b2e0      0x11c ../niosLab2_bsp//libhal_bsp.a(alt_lseek.o)
                0x000000000000b31c                lseek
 .text          0x000000000000b3fc       0x7c ../niosLab2_bsp//libhal_bsp.a(alt_main.o)
                0x000000000000b3fc                alt_main
 .text          0x000000000000b478       0x48 ../niosLab2_bsp//libhal_bsp.a(alt_malloc_lock.o)
                0x000000000000b478                __malloc_lock
                0x000000000000b49c                __malloc_unlock
 .text          0x000000000000b4c0      0x144 ../niosLab2_bsp//libhal_bsp.a(alt_read.o)
                0x000000000000b4fc                read
 .text          0x000000000000b604       0x70 ../niosLab2_bsp//libhal_bsp.a(alt_release_fd.o)
                0x000000000000b604                alt_release_fd
 .text          0x000000000000b674       0xb0 ../niosLab2_bsp//libhal_bsp.a(alt_sbrk.o)
                0x000000000000b674                sbrk
 .text          0x000000000000b724       0x30 ../niosLab2_bsp//libhal_bsp.a(alt_usleep.o)
                0x000000000000b724                usleep
 .text          0x000000000000b754      0x140 ../niosLab2_bsp//libhal_bsp.a(alt_write.o)
                0x000000000000b790                write
 .text          0x000000000000b894       0xa0 ../niosLab2_bsp//libhal_bsp.a(alt_sys_init.o)
                0x000000000000b8c8                alt_irq_init
                0x000000000000b900                alt_sys_init
 .text          0x000000000000b934       0xc0 ../niosLab2_bsp//libhal_bsp.a(altera_avalon_jtag_uart_fd.o)
                0x000000000000b934                altera_avalon_jtag_uart_read_fd
                0x000000000000b994                altera_avalon_jtag_uart_write_fd
 .text          0x000000000000b9f4       0xec ../niosLab2_bsp//libhal_bsp.a(altera_avalon_jtag_uart_read.o)
                0x000000000000b9f4                altera_avalon_jtag_uart_read
 .text          0x000000000000bae0       0x94 ../niosLab2_bsp//libhal_bsp.a(altera_avalon_jtag_uart_write.o)
                0x000000000000bae0                altera_avalon_jtag_uart_write
 .text          0x000000000000bb74      0x158 ../niosLab2_bsp//libhal_bsp.a(alt_busy_sleep.o)
                0x000000000000bb74                alt_busy_sleep
 .text          0x000000000000bccc       0x20 ../niosLab2_bsp//libhal_bsp.a(alt_dcache_flush_all.o)
                0x000000000000bccc                alt_dcache_flush_all
 .text          0x000000000000bcec       0xe0 ../niosLab2_bsp//libhal_bsp.a(alt_dev_llist_insert.o)
                0x000000000000bd28                alt_dev_llist_insert
 .text          0x000000000000bdcc       0x60 ../niosLab2_bsp//libhal_bsp.a(alt_do_ctors.o)
                0x000000000000bdcc                _do_ctors
 .text          0x000000000000be2c       0x60 ../niosLab2_bsp//libhal_bsp.a(alt_do_dtors.o)
                0x000000000000be2c                _do_dtors
 .text          0x000000000000be8c       0x20 ../niosLab2_bsp//libhal_bsp.a(alt_icache_flush_all.o)
                0x000000000000be8c                alt_icache_flush_all
 .text          0x000000000000beac      0x150 ../niosLab2_bsp//libhal_bsp.a(alt_io_redirect.o)
                0x000000000000bf80                alt_io_redirect
 .text          0x000000000000bffc      0x278 ../niosLab2_bsp//libhal_bsp.a(alt_open.o)
                0x000000000000c114                open
 .text          0x000000000000c274       0x24 ../niosLab2_bsp//libhal_bsp.a(altera_nios2_gen2_irq.o)
                0x000000000000c274                altera_nios2_gen2_irq_init
 .text          0x000000000000c298       0x90 ../niosLab2_bsp//libhal_bsp.a(alt_find_dev.o)
                0x000000000000c298                alt_find_dev
 .text          0x000000000000c328      0x108 ../niosLab2_bsp//libhal_bsp.a(alt_find_file.o)
                0x000000000000c328                alt_find_file
 .text          0x000000000000c430       0xb8 ../niosLab2_bsp//libhal_bsp.a(alt_get_fd.o)
                0x000000000000c430                alt_get_fd
 .text          0x000000000000c4e8        0x0 /home/victor/intelFPGA/19.1/nios2eds/bin/gnu/H-x86_64-pc-linux-gnu/bin/../lib/gcc/nios2-elf/8.3.1/../../../../../H-x86_64-pc-linux-gnu/nios2-elf/lib/mno-hw-mul/libc.a(lib_a-atexit.o)
 .text.atexit   0x000000000000c4e8       0x14 /home/victor/intelFPGA/19.1/nios2eds/bin/gnu/H-x86_64-pc-linux-gnu/bin/../lib/gcc/nios2-elf/8.3.1/../../../../../H-x86_64-pc-linux-gnu/nios2-elf/lib/mno-hw-mul/libc.a(lib_a-atexit.o)
                0x000000000000c4e8                atexit
 .text          0x000000000000c4fc        0x0 /home/victor/intelFPGA/19.1/nios2eds/bin/gnu/H-x86_64-pc-linux-gnu/bin/../lib/gcc/nios2-elf/8.3.1/../../../../../H-x86_64-pc-linux-gnu/nios2-elf/lib/mno-hw-mul/libc.a(lib_a-exit.o)
 .text.exit     0x000000000000c4fc       0x34 /home/victor/intelFPGA/19.1/nios2eds/bin/gnu/H-x86_64-pc-linux-gnu/bin/../lib/gcc/nios2-elf/8.3.1/../../../../../H-x86_64-pc-linux-gnu/nios2-elf/lib/mno-hw-mul/libc.a(lib_a-exit.o)
                0x000000000000c4fc                exit
 .text          0x000000000000c530        0x0 /home/victor/intelFPGA/19.1/nios2eds/bin/gnu/H-x86_64-pc-linux-gnu/bin/../lib/gcc/nios2-elf/8.3.1/../../../../../H-x86_64-pc-linux-gnu/nios2-elf/lib/mno-hw-mul/libc.a(lib_a-memcmp.o)
 .text.memcmp   0x000000000000c530       0x8c /home/victor/intelFPGA/19.1/nios2eds/bin/gnu/H-x86_64-pc-linux-gnu/bin/../lib/gcc/nios2-elf/8.3.1/../../../../../H-x86_64-pc-linux-gnu/nios2-elf/lib/mno-hw-mul/libc.a(lib_a-memcmp.o)
                0x000000000000c530                memcmp
 .text          0x000000000000c5bc        0x0 /home/victor/intelFPGA/19.1/nios2eds/bin/gnu/H-x86_64-pc-linux-gnu/bin/../lib/gcc/nios2-elf/8.3.1/../../../../../H-x86_64-pc-linux-gnu/nios2-elf/lib/mno-hw-mul/libc.a(lib_a-__atexit.o)
 .text.__register_exitproc
                0x000000000000c5bc       0x90 /home/victor/intelFPGA/19.1/nios2eds/bin/gnu/H-x86_64-pc-linux-gnu/bin/../lib/gcc/nios2-elf/8.3.1/../../../../../H-x86_64-pc-linux-gnu/nios2-elf/lib/mno-hw-mul/libc.a(lib_a-__atexit.o)
                0x000000000000c5bc                __register_exitproc
 .text          0x000000000000c64c        0x0 /home/victor/intelFPGA/19.1/nios2eds/bin/gnu/H-x86_64-pc-linux-gnu/bin/../lib/gcc/nios2-elf/8.3.1/../../../../../H-x86_64-pc-linux-gnu/nios2-elf/lib/mno-hw-mul/libc.a(lib_a-__call_atexit.o)
 .text.__call_exitprocs
                0x000000000000c64c      0x118 /home/victor/intelFPGA/19.1/nios2eds/bin/gnu/H-x86_64-pc-linux-gnu/bin/../lib/gcc/nios2-elf/8.3.1/../../../../../H-x86_64-pc-linux-gnu/nios2-elf/lib/mno-hw-mul/libc.a(lib_a-__call_atexit.o)
                0x000000000000c64c                __call_exitprocs
 .text          0x000000000000c764       0x34 ../niosLab2_bsp//libhal_bsp.a(alt_exit.o)
                0x000000000000c764                _exit
 *(.gnu.warning.*)
 *(.fini)
                [!provide]                        PROVIDE (__etext = ABSOLUTE (.))
                [!provide]                        PROVIDE (_etext = ABSOLUTE (.))
                [!provide]                        PROVIDE (etext = ABSOLUTE (.))
 *(.eh_frame_hdr)
                0x000000000000c798                . = ALIGN (0x4)
                [!provide]                        PROVIDE (__preinit_array_start = ABSOLUTE (.))
 *(.preinit_array)
                [!provide]                        PROVIDE (__preinit_array_end = ABSOLUTE (.))
                [!provide]                        PROVIDE (__init_array_start = ABSOLUTE (.))
 *(.init_array)
                [!provide]                        PROVIDE (__init_array_end = ABSOLUTE (.))
                [!provide]                        PROVIDE (__fini_array_start = ABSOLUTE (.))
 *(.fini_array)
                [!provide]                        PROVIDE (__fini_array_end = ABSOLUTE (.))
 *(.eh_frame)
 *(.gcc_except_table .gcc_except_table.*)
 *(.dynamic)
                0x000000000000c798                PROVIDE (__CTOR_LIST__ = ABSOLUTE (.))
 *(.ctors)
 *(SORT_BY_NAME(.ctors.*))
                0x000000000000c798                PROVIDE (__CTOR_END__ = ABSOLUTE (.))
                0x000000000000c798                PROVIDE (__DTOR_LIST__ = ABSOLUTE (.))
 *(.dtors)
 *(SORT_BY_NAME(.dtors.*))
                0x000000000000c798                PROVIDE (__DTOR_END__ = ABSOLUTE (.))
 *(.jcr)
                0x000000000000c798                . = ALIGN (0x4)

.rodata         0x000000000000c798       0x48
                0x000000000000c798                PROVIDE (__ram_rodata_start = ABSOLUTE (.))
                0x000000000000c798                . = ALIGN (0x4)
 *(.rodata .rodata.* .gnu.linkonce.r.*)
 .rodata        0x000000000000c798        0xe obj/default/hello_world.o
 *fill*         0x000000000000c7a6        0x2 
 .rodata._puts_r.str1.4
                0x000000000000c7a8        0x4 /home/victor/intelFPGA/19.1/nios2eds/bin/gnu/H-x86_64-pc-linux-gnu/bin/../lib/gcc/nios2-elf/8.3.1/../../../../../H-x86_64-pc-linux-gnu/nios2-elf/lib/mno-hw-mul/libc.a(lib_a-puts.o)
                                          0x2 (size before relaxing)
 .rodata        0x000000000000c7ac        0xa ../niosLab2_bsp//libhal_bsp.a(alt_dev.o)
 *fill*         0x000000000000c7b6        0x2 
 .rodata        0x000000000000c7b8       0x11 ../niosLab2_bsp//libhal_bsp.a(alt_main.o)
 *fill*         0x000000000000c7c9        0x3 
 .rodata        0x000000000000c7cc       0x11 ../niosLab2_bsp//libhal_bsp.a(alt_sys_init.o)
 *(.rodata1)
                0x000000000000c7e0                . = ALIGN (0x4)
 *fill*         0x000000000000c7dd        0x3 
                0x000000000000c7e0                PROVIDE (__ram_rodata_end = ABSOLUTE (.))
                0x000000000000c798                PROVIDE (__flash_rodata_start = LOADADDR (.rodata))

.rwdata         0x000000000000c7e0      0xa2c load address 0x000000000000d20c
                0x000000000000c7e0                PROVIDE (__ram_rwdata_start = ABSOLUTE (.))
                0x000000000000c7e0                . = ALIGN (0x4)
 *(.got.plt)
 *(.got)
 *(.data1)
 *(.data .data.* .gnu.linkonce.d.*)
 .data          0x000000000000c7e0        0x0 ../niosLab2_bsp//obj/HAL/src/crt0.o
 .data          0x000000000000c7e0        0x0 obj/default/hello_world.o
 .data          0x000000000000c7e0        0x0 /home/victor/intelFPGA/19.1/nios2eds/bin/gnu/H-x86_64-pc-linux-gnu/bin/../lib/gcc/nios2-elf/8.3.1/../../../../../H-x86_64-pc-linux-gnu/nios2-elf/lib/mno-hw-mul/libc.a(lib_a-puts.o)
 .data          0x000000000000c7e0        0x0 /home/victor/intelFPGA/19.1/nios2eds/bin/gnu/H-x86_64-pc-linux-gnu/bin/../lib/gcc/nios2-elf/8.3.1/../../../../../H-x86_64-pc-linux-gnu/nios2-elf/lib/mno-hw-mul/libc.a(lib_a-strlen.o)
 .data          0x000000000000c7e0        0x0 /home/victor/intelFPGA/19.1/nios2eds/bin/gnu/H-x86_64-pc-linux-gnu/bin/../lib/gcc/nios2-elf/8.3.1/../../../../../H-x86_64-pc-linux-gnu/nios2-elf/lib/mno-hw-mul/libc.a(lib_a-findfp.o)
 .data          0x000000000000c7e0        0x0 /home/victor/intelFPGA/19.1/nios2eds/bin/gnu/H-x86_64-pc-linux-gnu/bin/../lib/gcc/nios2-elf/8.3.1/../../../../../H-x86_64-pc-linux-gnu/nios2-elf/lib/mno-hw-mul/libc.a(lib_a-fvwrite.o)
 .data          0x000000000000c7e0        0x0 /home/victor/intelFPGA/19.1/nios2eds/bin/gnu/H-x86_64-pc-linux-gnu/bin/../lib/gcc/nios2-elf/8.3.1/../../../../../H-x86_64-pc-linux-gnu/nios2-elf/lib/mno-hw-mul/libc.a(lib_a-fwalk.o)
 .data          0x000000000000c7e0        0x0 /home/victor/intelFPGA/19.1/nios2eds/bin/gnu/H-x86_64-pc-linux-gnu/bin/../lib/gcc/nios2-elf/8.3.1/../../../../../H-x86_64-pc-linux-gnu/nios2-elf/lib/mno-hw-mul/libc.a(lib_a-impure.o)
 .data.impure_data
                0x000000000000c7e0      0x424 /home/victor/intelFPGA/19.1/nios2eds/bin/gnu/H-x86_64-pc-linux-gnu/bin/../lib/gcc/nios2-elf/8.3.1/../../../../../H-x86_64-pc-linux-gnu/nios2-elf/lib/mno-hw-mul/libc.a(lib_a-impure.o)
 .data          0x000000000000cc04        0x0 /home/victor/intelFPGA/19.1/nios2eds/bin/gnu/H-x86_64-pc-linux-gnu/bin/../lib/gcc/nios2-elf/8.3.1/../../../../../H-x86_64-pc-linux-gnu/nios2-elf/lib/mno-hw-mul/libc.a(lib_a-mallocr.o)
 .data.__malloc_av_
                0x000000000000cc04      0x408 /home/victor/intelFPGA/19.1/nios2eds/bin/gnu/H-x86_64-pc-linux-gnu/bin/../lib/gcc/nios2-elf/8.3.1/../../../../../H-x86_64-pc-linux-gnu/nios2-elf/lib/mno-hw-mul/libc.a(lib_a-mallocr.o)
                0x000000000000cc04                __malloc_av_
 .data          0x000000000000d00c        0x0 /home/victor/intelFPGA/19.1/nios2eds/bin/gnu/H-x86_64-pc-linux-gnu/bin/../lib/gcc/nios2-elf/8.3.1/../../../../../H-x86_64-pc-linux-gnu/nios2-elf/lib/mno-hw-mul/libc.a(lib_a-memchr.o)
 .data          0x000000000000d00c        0x0 /home/victor/intelFPGA/19.1/nios2eds/bin/gnu/H-x86_64-pc-linux-gnu/bin/../lib/gcc/nios2-elf/8.3.1/../../../../../H-x86_64-pc-linux-gnu/nios2-elf/lib/mno-hw-mul/libc.a(lib_a-memcpy.o)
 .data          0x000000000000d00c        0x0 /home/victor/intelFPGA/19.1/nios2eds/bin/gnu/H-x86_64-pc-linux-gnu/bin/../lib/gcc/nios2-elf/8.3.1/../../../../../H-x86_64-pc-linux-gnu/nios2-elf/lib/mno-hw-mul/libc.a(lib_a-memmove.o)
 .data          0x000000000000d00c        0x0 /home/victor/intelFPGA/19.1/nios2eds/bin/gnu/H-x86_64-pc-linux-gnu/bin/../lib/gcc/nios2-elf/8.3.1/../../../../../H-x86_64-pc-linux-gnu/nios2-elf/lib/mno-hw-mul/libc.a(lib_a-memset.o)
 .data          0x000000000000d00c        0x0 /home/victor/intelFPGA/19.1/nios2eds/bin/gnu/H-x86_64-pc-linux-gnu/bin/../lib/gcc/nios2-elf/8.3.1/../../../../../H-x86_64-pc-linux-gnu/nios2-elf/lib/mno-hw-mul/libc.a(lib_a-reallocr.o)
 .data          0x000000000000d00c        0x0 /home/victor/intelFPGA/19.1/nios2eds/bin/gnu/H-x86_64-pc-linux-gnu/bin/../lib/gcc/nios2-elf/8.3.1/../../../../../H-x86_64-pc-linux-gnu/nios2-elf/lib/mno-hw-mul/libc.a(lib_a-sbrkr.o)
 .data          0x000000000000d00c        0x0 /home/victor/intelFPGA/19.1/nios2eds/bin/gnu/H-x86_64-pc-linux-gnu/bin/../lib/gcc/nios2-elf/8.3.1/../../../../../H-x86_64-pc-linux-gnu/nios2-elf/lib/mno-hw-mul/libc.a(lib_a-stdio.o)
 .data          0x000000000000d00c        0x0 /home/victor/intelFPGA/19.1/nios2eds/bin/gnu/H-x86_64-pc-linux-gnu/bin/../lib/gcc/nios2-elf/8.3.1/../../../../../H-x86_64-pc-linux-gnu/nios2-elf/lib/mno-hw-mul/libc.a(lib_a-writer.o)
 .data          0x000000000000d00c        0x0 /home/victor/intelFPGA/19.1/nios2eds/bin/gnu/H-x86_64-pc-linux-gnu/bin/../lib/gcc/nios2-elf/8.3.1/../../../../../H-x86_64-pc-linux-gnu/nios2-elf/lib/mno-hw-mul/libc.a(lib_a-wsetup.o)
 .data          0x000000000000d00c        0x0 /home/victor/intelFPGA/19.1/nios2eds/bin/gnu/H-x86_64-pc-linux-gnu/bin/../lib/gcc/nios2-elf/8.3.1/../../../../../H-x86_64-pc-linux-gnu/nios2-elf/lib/mno-hw-mul/libc.a(closer.o)
 .data          0x000000000000d00c        0x0 /home/victor/intelFPGA/19.1/nios2eds/bin/gnu/H-x86_64-pc-linux-gnu/bin/../lib/gcc/nios2-elf/8.3.1/../../../../../H-x86_64-pc-linux-gnu/nios2-elf/lib/mno-hw-mul/libc.a(lib_a-fclose.o)
 .data          0x000000000000d00c        0x0 /home/victor/intelFPGA/19.1/nios2eds/bin/gnu/H-x86_64-pc-linux-gnu/bin/../lib/gcc/nios2-elf/8.3.1/../../../../../H-x86_64-pc-linux-gnu/nios2-elf/lib/mno-hw-mul/libc.a(lib_a-fflush.o)
 .data          0x000000000000d00c        0x0 /home/victor/intelFPGA/19.1/nios2eds/bin/gnu/H-x86_64-pc-linux-gnu/bin/../lib/gcc/nios2-elf/8.3.1/../../../../../H-x86_64-pc-linux-gnu/nios2-elf/lib/mno-hw-mul/libc.a(lib_a-freer.o)
 .data          0x000000000000d00c        0x0 /home/victor/intelFPGA/19.1/nios2eds/bin/gnu/H-x86_64-pc-linux-gnu/bin/../lib/gcc/nios2-elf/8.3.1/../../../../../H-x86_64-pc-linux-gnu/nios2-elf/lib/mno-hw-mul/libc.a(lib_a-int_errno.o)
 .data          0x000000000000d00c        0x0 /home/victor/intelFPGA/19.1/nios2eds/bin/gnu/H-x86_64-pc-linux-gnu/bin/../lib/gcc/nios2-elf/8.3.1/../../../../../H-x86_64-pc-linux-gnu/nios2-elf/lib/mno-hw-mul/libc.a(lib_a-lseekr.o)
 .data          0x000000000000d00c        0x0 /home/victor/intelFPGA/19.1/nios2eds/bin/gnu/H-x86_64-pc-linux-gnu/bin/../lib/gcc/nios2-elf/8.3.1/../../../../../H-x86_64-pc-linux-gnu/nios2-elf/lib/mno-hw-mul/libc.a(lib_a-makebuf.o)
 .data          0x000000000000d00c        0x0 /home/victor/intelFPGA/19.1/nios2eds/bin/gnu/H-x86_64-pc-linux-gnu/bin/../lib/gcc/nios2-elf/8.3.1/../../../../../H-x86_64-pc-linux-gnu/nios2-elf/lib/mno-hw-mul/libc.a(lib_a-readr.o)
 .data          0x000000000000d00c        0x0 /home/victor/intelFPGA/19.1/nios2eds/bin/gnu/H-x86_64-pc-linux-gnu/bin/../lib/gcc/nios2-elf/8.3.1/../../../../../H-x86_64-pc-linux-gnu/nios2-elf/lib/mno-hw-mul/libc.a(lib_a-fstatr.o)
 .data          0x000000000000d00c        0x0 /home/victor/intelFPGA/19.1/nios2eds/bin/gnu/H-x86_64-pc-linux-gnu/bin/../lib/gcc/nios2-elf/8.3.1/../../../../../H-x86_64-pc-linux-gnu/nios2-elf/lib/mno-hw-mul/libc.a(lib_a-isattyr.o)
 .data          0x000000000000d00c        0x0 /home/victor/intelFPGA/19.1/nios2eds/bin/gnu/H-x86_64-pc-linux-gnu/bin/../lib/gcc/nios2-elf/8.3.1/mno-hw-mul/libgcc.a(lib2-divmod.o)
 .data          0x000000000000d00c        0x0 /home/victor/intelFPGA/19.1/nios2eds/bin/gnu/H-x86_64-pc-linux-gnu/bin/../lib/gcc/nios2-elf/8.3.1/mno-hw-mul/libgcc.a(lib2-mul.o)
 .data          0x000000000000d00c        0x0 ../niosLab2_bsp//libhal_bsp.a(alt_close.o)
 .data          0x000000000000d00c      0x1a8 ../niosLab2_bsp//libhal_bsp.a(alt_dev.o)
                0x000000000000d00c                alt_dev_null
                0x000000000000d034                alt_fd_list
 .data          0x000000000000d1b4        0x0 ../niosLab2_bsp//libhal_bsp.a(alt_errno.o)
 .data          0x000000000000d1b4        0x0 ../niosLab2_bsp//libhal_bsp.a(alt_fstat.o)
 .data          0x000000000000d1b4        0x0 ../niosLab2_bsp//libhal_bsp.a(alt_isatty.o)
 .data          0x000000000000d1b4        0x0 ../niosLab2_bsp//libhal_bsp.a(alt_load.o)
 .data          0x000000000000d1b4        0x0 ../niosLab2_bsp//libhal_bsp.a(alt_lseek.o)
 .data          0x000000000000d1b4        0x0 ../niosLab2_bsp//libhal_bsp.a(alt_main.o)
 .data          0x000000000000d1b4        0x0 ../niosLab2_bsp//libhal_bsp.a(alt_malloc_lock.o)
 .data          0x000000000000d1b4        0x0 ../niosLab2_bsp//libhal_bsp.a(alt_read.o)
 .data          0x000000000000d1b4        0x0 ../niosLab2_bsp//libhal_bsp.a(alt_release_fd.o)
 .data          0x000000000000d1b4        0x0 ../niosLab2_bsp//libhal_bsp.a(alt_sbrk.o)
 .data          0x000000000000d1b4        0x0 ../niosLab2_bsp//libhal_bsp.a(alt_usleep.o)
 .data          0x000000000000d1b4        0x0 ../niosLab2_bsp//libhal_bsp.a(alt_write.o)
 .data          0x000000000000d1b4       0x2c ../niosLab2_bsp//libhal_bsp.a(alt_sys_init.o)
 .data          0x000000000000d1e0        0x0 ../niosLab2_bsp//libhal_bsp.a(altera_avalon_jtag_uart_fd.o)
 .data          0x000000000000d1e0        0x0 ../niosLab2_bsp//libhal_bsp.a(altera_avalon_jtag_uart_read.o)
 .data          0x000000000000d1e0        0x0 ../niosLab2_bsp//libhal_bsp.a(altera_avalon_jtag_uart_write.o)
 .data          0x000000000000d1e0        0x0 ../niosLab2_bsp//libhal_bsp.a(alt_busy_sleep.o)
 .data          0x000000000000d1e0        0x0 ../niosLab2_bsp//libhal_bsp.a(alt_dcache_flush_all.o)
 .data          0x000000000000d1e0        0x0 ../niosLab2_bsp//libhal_bsp.a(alt_dev_llist_insert.o)
 .data          0x000000000000d1e0        0x0 ../niosLab2_bsp//libhal_bsp.a(alt_do_ctors.o)
 .data          0x000000000000d1e0        0x0 ../niosLab2_bsp//libhal_bsp.a(alt_do_dtors.o)
 .data          0x000000000000d1e0        0x0 ../niosLab2_bsp//libhal_bsp.a(alt_icache_flush_all.o)
 .data          0x000000000000d1e0        0x0 ../niosLab2_bsp//libhal_bsp.a(alt_io_redirect.o)
 .data          0x000000000000d1e0        0x0 ../niosLab2_bsp//libhal_bsp.a(alt_open.o)
 .data          0x000000000000d1e0        0x0 ../niosLab2_bsp//libhal_bsp.a(altera_nios2_gen2_irq.o)
 .data          0x000000000000d1e0        0x0 ../niosLab2_bsp//libhal_bsp.a(alt_find_dev.o)
 .data          0x000000000000d1e0        0x0 ../niosLab2_bsp//libhal_bsp.a(alt_find_file.o)
 .data          0x000000000000d1e0        0x0 ../niosLab2_bsp//libhal_bsp.a(alt_get_fd.o)
 .data          0x000000000000d1e0        0x0 /home/victor/intelFPGA/19.1/nios2eds/bin/gnu/H-x86_64-pc-linux-gnu/bin/../lib/gcc/nios2-elf/8.3.1/../../../../../H-x86_64-pc-linux-gnu/nios2-elf/lib/mno-hw-mul/libc.a(lib_a-atexit.o)
 .data          0x000000000000d1e0        0x0 /home/victor/intelFPGA/19.1/nios2eds/bin/gnu/H-x86_64-pc-linux-gnu/bin/../lib/gcc/nios2-elf/8.3.1/../../../../../H-x86_64-pc-linux-gnu/nios2-elf/lib/mno-hw-mul/libc.a(lib_a-exit.o)
 .data          0x000000000000d1e0        0x0 /home/victor/intelFPGA/19.1/nios2eds/bin/gnu/H-x86_64-pc-linux-gnu/bin/../lib/gcc/nios2-elf/8.3.1/../../../../../H-x86_64-pc-linux-gnu/nios2-elf/lib/mno-hw-mul/libc.a(lib_a-memcmp.o)
 .data          0x000000000000d1e0        0x0 /home/victor/intelFPGA/19.1/nios2eds/bin/gnu/H-x86_64-pc-linux-gnu/bin/../lib/gcc/nios2-elf/8.3.1/../../../../../H-x86_64-pc-linux-gnu/nios2-elf/lib/mno-hw-mul/libc.a(lib_a-__atexit.o)
 .data          0x000000000000d1e0        0x0 /home/victor/intelFPGA/19.1/nios2eds/bin/gnu/H-x86_64-pc-linux-gnu/bin/../lib/gcc/nios2-elf/8.3.1/../../../../../H-x86_64-pc-linux-gnu/nios2-elf/lib/mno-hw-mul/libc.a(lib_a-__call_atexit.o)
 .data          0x000000000000d1e0        0x0 ../niosLab2_bsp//libhal_bsp.a(alt_exit.o)
                0x00000000000151e0                _gp = ABSOLUTE ((. + 0x8000))
                [!provide]                        PROVIDE (gp = _gp)
 *(.rwdata .rwdata.*)
 *(.sdata .sdata.* .gnu.linkonce.s.*)
 .sdata._global_impure_ptr
                0x000000000000d1e0        0x4 /home/victor/intelFPGA/19.1/nios2eds/bin/gnu/H-x86_64-pc-linux-gnu/bin/../lib/gcc/nios2-elf/8.3.1/../../../../../H-x86_64-pc-linux-gnu/nios2-elf/lib/mno-hw-mul/libc.a(lib_a-impure.o)
                0x000000000000d1e0                _global_impure_ptr
 .sdata._impure_ptr
                0x000000000000d1e4        0x4 /home/victor/intelFPGA/19.1/nios2eds/bin/gnu/H-x86_64-pc-linux-gnu/bin/../lib/gcc/nios2-elf/8.3.1/../../../../../H-x86_64-pc-linux-gnu/nios2-elf/lib/mno-hw-mul/libc.a(lib_a-impure.o)
                0x000000000000d1e4                _impure_ptr
 .sdata.__malloc_sbrk_base
                0x000000000000d1e8        0x4 /home/victor/intelFPGA/19.1/nios2eds/bin/gnu/H-x86_64-pc-linux-gnu/bin/../lib/gcc/nios2-elf/8.3.1/../../../../../H-x86_64-pc-linux-gnu/nios2-elf/lib/mno-hw-mul/libc.a(lib_a-mallocr.o)
                0x000000000000d1e8                __malloc_sbrk_base
 .sdata.__malloc_trim_threshold
                0x000000000000d1ec        0x4 /home/victor/intelFPGA/19.1/nios2eds/bin/gnu/H-x86_64-pc-linux-gnu/bin/../lib/gcc/nios2-elf/8.3.1/../../../../../H-x86_64-pc-linux-gnu/nios2-elf/lib/mno-hw-mul/libc.a(lib_a-mallocr.o)
                0x000000000000d1ec                __malloc_trim_threshold
 .sdata         0x000000000000d1f0       0x14 ../niosLab2_bsp//libhal_bsp.a(alt_dev.o)
                0x000000000000d1f0                alt_fs_list
                0x000000000000d1f8                alt_dev_list
                0x000000000000d200                alt_max_fd
 .sdata         0x000000000000d204        0x4 ../niosLab2_bsp//libhal_bsp.a(alt_errno.o)
                0x000000000000d204                alt_errno
 .sdata         0x000000000000d208        0x4 ../niosLab2_bsp//libhal_bsp.a(alt_sbrk.o)
 *(.sdata2 .sdata2.* .gnu.linkonce.s2.*)
                0x000000000000d20c                . = ALIGN (0x4)
                0x000000000000d20c                _edata = ABSOLUTE (.)
                [!provide]                        PROVIDE (edata = ABSOLUTE (.))
                0x000000000000d20c                PROVIDE (__ram_rwdata_end = ABSOLUTE (.))
                0x000000000000d20c                PROVIDE (__flash_rwdata_start = LOADADDR (.rwdata))

.bss            0x000000000000dc38       0x44
                0x000000000000dc38                __bss_start = ABSOLUTE (.)
                [!provide]                        PROVIDE (__sbss_start = ABSOLUTE (.))
                [!provide]                        PROVIDE (___sbss_start = ABSOLUTE (.))
 *(.dynsbss)
 *(.sbss .sbss.* .gnu.linkonce.sb.*)
 .sbss.__malloc_max_total_mem
                0x000000000000dc38        0x4 /home/victor/intelFPGA/19.1/nios2eds/bin/gnu/H-x86_64-pc-linux-gnu/bin/../lib/gcc/nios2-elf/8.3.1/../../../../../H-x86_64-pc-linux-gnu/nios2-elf/lib/mno-hw-mul/libc.a(lib_a-mallocr.o)
                0x000000000000dc38                __malloc_max_total_mem
 .sbss.__malloc_max_sbrked_mem
                0x000000000000dc3c        0x4 /home/victor/intelFPGA/19.1/nios2eds/bin/gnu/H-x86_64-pc-linux-gnu/bin/../lib/gcc/nios2-elf/8.3.1/../../../../../H-x86_64-pc-linux-gnu/nios2-elf/lib/mno-hw-mul/libc.a(lib_a-mallocr.o)
                0x000000000000dc3c                __malloc_max_sbrked_mem
 .sbss.__malloc_top_pad
                0x000000000000dc40        0x4 /home/victor/intelFPGA/19.1/nios2eds/bin/gnu/H-x86_64-pc-linux-gnu/bin/../lib/gcc/nios2-elf/8.3.1/../../../../../H-x86_64-pc-linux-gnu/nios2-elf/lib/mno-hw-mul/libc.a(lib_a-mallocr.o)
                0x000000000000dc40                __malloc_top_pad
 .sbss          0x000000000000dc44        0x4 /home/victor/intelFPGA/19.1/nios2eds/bin/gnu/H-x86_64-pc-linux-gnu/bin/../lib/gcc/nios2-elf/8.3.1/../../../../../H-x86_64-pc-linux-gnu/nios2-elf/lib/mno-hw-mul/libc.a(lib_a-int_errno.o)
                0x000000000000dc44                errno
 .sbss          0x000000000000dc48        0xc ../niosLab2_bsp//libhal_bsp.a(alt_main.o)
                0x000000000000dc48                alt_argc
                0x000000000000dc4c                alt_argv
                0x000000000000dc50                alt_envp
 *(.sbss2 .sbss2.* .gnu.linkonce.sb2.*)
 *(.scommon)
                [!provide]                        PROVIDE (__sbss_end = ABSOLUTE (.))
                [!provide]                        PROVIDE (___sbss_end = ABSOLUTE (.))
 *(.dynbss)
 *(.bss .bss.* .gnu.linkonce.b.*)
 .bss           0x000000000000dc54        0x0 ../niosLab2_bsp//obj/HAL/src/crt0.o
 .bss           0x000000000000dc54        0x0 obj/default/hello_world.o
 .bss           0x000000000000dc54        0x0 /home/victor/intelFPGA/19.1/nios2eds/bin/gnu/H-x86_64-pc-linux-gnu/bin/../lib/gcc/nios2-elf/8.3.1/../../../../../H-x86_64-pc-linux-gnu/nios2-elf/lib/mno-hw-mul/libc.a(lib_a-puts.o)
 .bss           0x000000000000dc54        0x0 /home/victor/intelFPGA/19.1/nios2eds/bin/gnu/H-x86_64-pc-linux-gnu/bin/../lib/gcc/nios2-elf/8.3.1/../../../../../H-x86_64-pc-linux-gnu/nios2-elf/lib/mno-hw-mul/libc.a(lib_a-strlen.o)
 .bss           0x000000000000dc54        0x0 /home/victor/intelFPGA/19.1/nios2eds/bin/gnu/H-x86_64-pc-linux-gnu/bin/../lib/gcc/nios2-elf/8.3.1/../../../../../H-x86_64-pc-linux-gnu/nios2-elf/lib/mno-hw-mul/libc.a(lib_a-findfp.o)
 .bss           0x000000000000dc54        0x0 /home/victor/intelFPGA/19.1/nios2eds/bin/gnu/H-x86_64-pc-linux-gnu/bin/../lib/gcc/nios2-elf/8.3.1/../../../../../H-x86_64-pc-linux-gnu/nios2-elf/lib/mno-hw-mul/libc.a(lib_a-fvwrite.o)
 .bss           0x000000000000dc54        0x0 /home/victor/intelFPGA/19.1/nios2eds/bin/gnu/H-x86_64-pc-linux-gnu/bin/../lib/gcc/nios2-elf/8.3.1/../../../../../H-x86_64-pc-linux-gnu/nios2-elf/lib/mno-hw-mul/libc.a(lib_a-fwalk.o)
 .bss           0x000000000000dc54        0x0 /home/victor/intelFPGA/19.1/nios2eds/bin/gnu/H-x86_64-pc-linux-gnu/bin/../lib/gcc/nios2-elf/8.3.1/../../../../../H-x86_64-pc-linux-gnu/nios2-elf/lib/mno-hw-mul/libc.a(lib_a-impure.o)
 .bss           0x000000000000dc54        0x0 /home/victor/intelFPGA/19.1/nios2eds/bin/gnu/H-x86_64-pc-linux-gnu/bin/../lib/gcc/nios2-elf/8.3.1/../../../../../H-x86_64-pc-linux-gnu/nios2-elf/lib/mno-hw-mul/libc.a(lib_a-mallocr.o)
 .bss.__malloc_current_mallinfo
                0x000000000000dc54       0x28 /home/victor/intelFPGA/19.1/nios2eds/bin/gnu/H-x86_64-pc-linux-gnu/bin/../lib/gcc/nios2-elf/8.3.1/../../../../../H-x86_64-pc-linux-gnu/nios2-elf/lib/mno-hw-mul/libc.a(lib_a-mallocr.o)
                0x000000000000dc54                __malloc_current_mallinfo
 .bss           0x000000000000dc7c        0x0 /home/victor/intelFPGA/19.1/nios2eds/bin/gnu/H-x86_64-pc-linux-gnu/bin/../lib/gcc/nios2-elf/8.3.1/../../../../../H-x86_64-pc-linux-gnu/nios2-elf/lib/mno-hw-mul/libc.a(lib_a-memchr.o)
 .bss           0x000000000000dc7c        0x0 /home/victor/intelFPGA/19.1/nios2eds/bin/gnu/H-x86_64-pc-linux-gnu/bin/../lib/gcc/nios2-elf/8.3.1/../../../../../H-x86_64-pc-linux-gnu/nios2-elf/lib/mno-hw-mul/libc.a(lib_a-memcpy.o)
 .bss           0x000000000000dc7c        0x0 /home/victor/intelFPGA/19.1/nios2eds/bin/gnu/H-x86_64-pc-linux-gnu/bin/../lib/gcc/nios2-elf/8.3.1/../../../../../H-x86_64-pc-linux-gnu/nios2-elf/lib/mno-hw-mul/libc.a(lib_a-memmove.o)
 .bss           0x000000000000dc7c        0x0 /home/victor/intelFPGA/19.1/nios2eds/bin/gnu/H-x86_64-pc-linux-gnu/bin/../lib/gcc/nios2-elf/8.3.1/../../../../../H-x86_64-pc-linux-gnu/nios2-elf/lib/mno-hw-mul/libc.a(lib_a-memset.o)
 .bss           0x000000000000dc7c        0x0 /home/victor/intelFPGA/19.1/nios2eds/bin/gnu/H-x86_64-pc-linux-gnu/bin/../lib/gcc/nios2-elf/8.3.1/../../../../../H-x86_64-pc-linux-gnu/nios2-elf/lib/mno-hw-mul/libc.a(lib_a-reallocr.o)
 .bss           0x000000000000dc7c        0x0 /home/victor/intelFPGA/19.1/nios2eds/bin/gnu/H-x86_64-pc-linux-gnu/bin/../lib/gcc/nios2-elf/8.3.1/../../../../../H-x86_64-pc-linux-gnu/nios2-elf/lib/mno-hw-mul/libc.a(lib_a-sbrkr.o)
 .bss           0x000000000000dc7c        0x0 /home/victor/intelFPGA/19.1/nios2eds/bin/gnu/H-x86_64-pc-linux-gnu/bin/../lib/gcc/nios2-elf/8.3.1/../../../../../H-x86_64-pc-linux-gnu/nios2-elf/lib/mno-hw-mul/libc.a(lib_a-stdio.o)
 .bss           0x000000000000dc7c        0x0 /home/victor/intelFPGA/19.1/nios2eds/bin/gnu/H-x86_64-pc-linux-gnu/bin/../lib/gcc/nios2-elf/8.3.1/../../../../../H-x86_64-pc-linux-gnu/nios2-elf/lib/mno-hw-mul/libc.a(lib_a-writer.o)
 .bss           0x000000000000dc7c        0x0 /home/victor/intelFPGA/19.1/nios2eds/bin/gnu/H-x86_64-pc-linux-gnu/bin/../lib/gcc/nios2-elf/8.3.1/../../../../../H-x86_64-pc-linux-gnu/nios2-elf/lib/mno-hw-mul/libc.a(lib_a-wsetup.o)
 .bss           0x000000000000dc7c        0x0 /home/victor/intelFPGA/19.1/nios2eds/bin/gnu/H-x86_64-pc-linux-gnu/bin/../lib/gcc/nios2-elf/8.3.1/../../../../../H-x86_64-pc-linux-gnu/nios2-elf/lib/mno-hw-mul/libc.a(closer.o)
 .bss           0x000000000000dc7c        0x0 /home/victor/intelFPGA/19.1/nios2eds/bin/gnu/H-x86_64-pc-linux-gnu/bin/../lib/gcc/nios2-elf/8.3.1/../../../../../H-x86_64-pc-linux-gnu/nios2-elf/lib/mno-hw-mul/libc.a(lib_a-fclose.o)
 .bss           0x000000000000dc7c        0x0 /home/victor/intelFPGA/19.1/nios2eds/bin/gnu/H-x86_64-pc-linux-gnu/bin/../lib/gcc/nios2-elf/8.3.1/../../../../../H-x86_64-pc-linux-gnu/nios2-elf/lib/mno-hw-mul/libc.a(lib_a-fflush.o)
 .bss           0x000000000000dc7c        0x0 /home/victor/intelFPGA/19.1/nios2eds/bin/gnu/H-x86_64-pc-linux-gnu/bin/../lib/gcc/nios2-elf/8.3.1/../../../../../H-x86_64-pc-linux-gnu/nios2-elf/lib/mno-hw-mul/libc.a(lib_a-freer.o)
 .bss           0x000000000000dc7c        0x0 /home/victor/intelFPGA/19.1/nios2eds/bin/gnu/H-x86_64-pc-linux-gnu/bin/../lib/gcc/nios2-elf/8.3.1/../../../../../H-x86_64-pc-linux-gnu/nios2-elf/lib/mno-hw-mul/libc.a(lib_a-int_errno.o)
 .bss           0x000000000000dc7c        0x0 /home/victor/intelFPGA/19.1/nios2eds/bin/gnu/H-x86_64-pc-linux-gnu/bin/../lib/gcc/nios2-elf/8.3.1/../../../../../H-x86_64-pc-linux-gnu/nios2-elf/lib/mno-hw-mul/libc.a(lib_a-lseekr.o)
 .bss           0x000000000000dc7c        0x0 /home/victor/intelFPGA/19.1/nios2eds/bin/gnu/H-x86_64-pc-linux-gnu/bin/../lib/gcc/nios2-elf/8.3.1/../../../../../H-x86_64-pc-linux-gnu/nios2-elf/lib/mno-hw-mul/libc.a(lib_a-makebuf.o)
 .bss           0x000000000000dc7c        0x0 /home/victor/intelFPGA/19.1/nios2eds/bin/gnu/H-x86_64-pc-linux-gnu/bin/../lib/gcc/nios2-elf/8.3.1/../../../../../H-x86_64-pc-linux-gnu/nios2-elf/lib/mno-hw-mul/libc.a(lib_a-readr.o)
 .bss           0x000000000000dc7c        0x0 /home/victor/intelFPGA/19.1/nios2eds/bin/gnu/H-x86_64-pc-linux-gnu/bin/../lib/gcc/nios2-elf/8.3.1/../../../../../H-x86_64-pc-linux-gnu/nios2-elf/lib/mno-hw-mul/libc.a(lib_a-fstatr.o)
 .bss           0x000000000000dc7c        0x0 /home/victor/intelFPGA/19.1/nios2eds/bin/gnu/H-x86_64-pc-linux-gnu/bin/../lib/gcc/nios2-elf/8.3.1/../../../../../H-x86_64-pc-linux-gnu/nios2-elf/lib/mno-hw-mul/libc.a(lib_a-isattyr.o)
 .bss           0x000000000000dc7c        0x0 /home/victor/intelFPGA/19.1/nios2eds/bin/gnu/H-x86_64-pc-linux-gnu/bin/../lib/gcc/nios2-elf/8.3.1/mno-hw-mul/libgcc.a(lib2-divmod.o)
 .bss           0x000000000000dc7c        0x0 /home/victor/intelFPGA/19.1/nios2eds/bin/gnu/H-x86_64-pc-linux-gnu/bin/../lib/gcc/nios2-elf/8.3.1/mno-hw-mul/libgcc.a(lib2-mul.o)
 .bss           0x000000000000dc7c        0x0 ../niosLab2_bsp//libhal_bsp.a(alt_close.o)
 .bss           0x000000000000dc7c        0x0 ../niosLab2_bsp//libhal_bsp.a(alt_dev.o)
 .bss           0x000000000000dc7c        0x0 ../niosLab2_bsp//libhal_bsp.a(alt_errno.o)
 .bss           0x000000000000dc7c        0x0 ../niosLab2_bsp//libhal_bsp.a(alt_fstat.o)
 .bss           0x000000000000dc7c        0x0 ../niosLab2_bsp//libhal_bsp.a(alt_isatty.o)
 .bss           0x000000000000dc7c        0x0 ../niosLab2_bsp//libhal_bsp.a(alt_load.o)
 .bss           0x000000000000dc7c        0x0 ../niosLab2_bsp//libhal_bsp.a(alt_lseek.o)
 .bss           0x000000000000dc7c        0x0 ../niosLab2_bsp//libhal_bsp.a(alt_main.o)
 .bss           0x000000000000dc7c        0x0 ../niosLab2_bsp//libhal_bsp.a(alt_malloc_lock.o)
 .bss           0x000000000000dc7c        0x0 ../niosLab2_bsp//libhal_bsp.a(alt_read.o)
 .bss           0x000000000000dc7c        0x0 ../niosLab2_bsp//libhal_bsp.a(alt_release_fd.o)
 .bss           0x000000000000dc7c        0x0 ../niosLab2_bsp//libhal_bsp.a(alt_sbrk.o)
 .bss           0x000000000000dc7c        0x0 ../niosLab2_bsp//libhal_bsp.a(alt_usleep.o)
 .bss           0x000000000000dc7c        0x0 ../niosLab2_bsp//libhal_bsp.a(alt_write.o)
 .bss           0x000000000000dc7c        0x0 ../niosLab2_bsp//libhal_bsp.a(alt_sys_init.o)
 .bss           0x000000000000dc7c        0x0 ../niosLab2_bsp//libhal_bsp.a(altera_avalon_jtag_uart_fd.o)
 .bss           0x000000000000dc7c        0x0 ../niosLab2_bsp//libhal_bsp.a(altera_avalon_jtag_uart_read.o)
 .bss           0x000000000000dc7c        0x0 ../niosLab2_bsp//libhal_bsp.a(altera_avalon_jtag_uart_write.o)
 .bss           0x000000000000dc7c        0x0 ../niosLab2_bsp//libhal_bsp.a(alt_busy_sleep.o)
 .bss           0x000000000000dc7c        0x0 ../niosLab2_bsp//libhal_bsp.a(alt_dcache_flush_all.o)
 .bss           0x000000000000dc7c        0x0 ../niosLab2_bsp//libhal_bsp.a(alt_dev_llist_insert.o)
 .bss           0x000000000000dc7c        0x0 ../niosLab2_bsp//libhal_bsp.a(alt_do_ctors.o)
 .bss           0x000000000000dc7c        0x0 ../niosLab2_bsp//libhal_bsp.a(alt_do_dtors.o)
 .bss           0x000000000000dc7c        0x0 ../niosLab2_bsp//libhal_bsp.a(alt_icache_flush_all.o)
 .bss           0x000000000000dc7c        0x0 ../niosLab2_bsp//libhal_bsp.a(alt_io_redirect.o)
 .bss           0x000000000000dc7c        0x0 ../niosLab2_bsp//libhal_bsp.a(alt_open.o)
 .bss           0x000000000000dc7c        0x0 ../niosLab2_bsp//libhal_bsp.a(altera_nios2_gen2_irq.o)
 .bss           0x000000000000dc7c        0x0 ../niosLab2_bsp//libhal_bsp.a(alt_find_dev.o)
 .bss           0x000000000000dc7c        0x0 ../niosLab2_bsp//libhal_bsp.a(alt_find_file.o)
 .bss           0x000000000000dc7c        0x0 ../niosLab2_bsp//libhal_bsp.a(alt_get_fd.o)
 .bss           0x000000000000dc7c        0x0 /home/victor/intelFPGA/19.1/nios2eds/bin/gnu/H-x86_64-pc-linux-gnu/bin/../lib/gcc/nios2-elf/8.3.1/../../../../../H-x86_64-pc-linux-gnu/nios2-elf/lib/mno-hw-mul/libc.a(lib_a-atexit.o)
 .bss           0x000000000000dc7c        0x0 /home/victor/intelFPGA/19.1/nios2eds/bin/gnu/H-x86_64-pc-linux-gnu/bin/../lib/gcc/nios2-elf/8.3.1/../../../../../H-x86_64-pc-linux-gnu/nios2-elf/lib/mno-hw-mul/libc.a(lib_a-exit.o)
 .bss           0x000000000000dc7c        0x0 /home/victor/intelFPGA/19.1/nios2eds/bin/gnu/H-x86_64-pc-linux-gnu/bin/../lib/gcc/nios2-elf/8.3.1/../../../../../H-x86_64-pc-linux-gnu/nios2-elf/lib/mno-hw-mul/libc.a(lib_a-memcmp.o)
 .bss           0x000000000000dc7c        0x0 /home/victor/intelFPGA/19.1/nios2eds/bin/gnu/H-x86_64-pc-linux-gnu/bin/../lib/gcc/nios2-elf/8.3.1/../../../../../H-x86_64-pc-linux-gnu/nios2-elf/lib/mno-hw-mul/libc.a(lib_a-__atexit.o)
 .bss           0x000000000000dc7c        0x0 /home/victor/intelFPGA/19.1/nios2eds/bin/gnu/H-x86_64-pc-linux-gnu/bin/../lib/gcc/nios2-elf/8.3.1/../../../../../H-x86_64-pc-linux-gnu/nios2-elf/lib/mno-hw-mul/libc.a(lib_a-__call_atexit.o)
 .bss           0x000000000000dc7c        0x0 ../niosLab2_bsp//libhal_bsp.a(alt_exit.o)
 *(COMMON)
                0x000000000000dc7c                . = ALIGN (0x4)
                0x000000000000dc7c                __bss_end = ABSOLUTE (.)

.onchip_memory2_0
                0x000000000000dc7c        0x0
                [!provide]                        PROVIDE (_alt_partition_onchip_memory2_0_start = ABSOLUTE (.))
 *(.onchip_memory2_0 .onchip_memory2_0. onchip_memory2_0.*)
                0x000000000000dc7c                . = ALIGN (0x4)
                [!provide]                        PROVIDE (_alt_partition_onchip_memory2_0_end = ABSOLUTE (.))
                0x000000000000dc7c                _end = ABSOLUTE (.)
                0x000000000000dc7c                end = ABSOLUTE (.)
                0x000000000000dc7c                __alt_stack_base = ABSOLUTE (.)
                [!provide]                        PROVIDE (_alt_partition_onchip_memory2_0_load_addr = LOADADDR (.onchip_memory2_0))

.stab
 *(.stab)

.stabstr
 *(.stabstr)

.stab.excl
 *(.stab.excl)

.stab.exclstr
 *(.stab.exclstr)

.stab.index
 *(.stab.index)

.stab.indexstr
 *(.stab.indexstr)

.comment        0x0000000000000000       0x2c
 *(.comment)
 .comment       0x0000000000000000       0x2c obj/default/hello_world.o
                                         0x2d (size before relaxing)
 .comment       0x000000000000002c       0x2d /home/victor/intelFPGA/19.1/nios2eds/bin/gnu/H-x86_64-pc-linux-gnu/bin/../lib/gcc/nios2-elf/8.3.1/../../../../../H-x86_64-pc-linux-gnu/nios2-elf/lib/mno-hw-mul/libc.a(lib_a-puts.o)
 .comment       0x000000000000002c       0x2d /home/victor/intelFPGA/19.1/nios2eds/bin/gnu/H-x86_64-pc-linux-gnu/bin/../lib/gcc/nios2-elf/8.3.1/../../../../../H-x86_64-pc-linux-gnu/nios2-elf/lib/mno-hw-mul/libc.a(lib_a-strlen.o)
 .comment       0x000000000000002c       0x2d /home/victor/intelFPGA/19.1/nios2eds/bin/gnu/H-x86_64-pc-linux-gnu/bin/../lib/gcc/nios2-elf/8.3.1/../../../../../H-x86_64-pc-linux-gnu/nios2-elf/lib/mno-hw-mul/libc.a(lib_a-findfp.o)
 .comment       0x000000000000002c       0x2d /home/victor/intelFPGA/19.1/nios2eds/bin/gnu/H-x86_64-pc-linux-gnu/bin/../lib/gcc/nios2-elf/8.3.1/../../../../../H-x86_64-pc-linux-gnu/nios2-elf/lib/mno-hw-mul/libc.a(lib_a-fvwrite.o)
 .comment       0x000000000000002c       0x2d /home/victor/intelFPGA/19.1/nios2eds/bin/gnu/H-x86_64-pc-linux-gnu/bin/../lib/gcc/nios2-elf/8.3.1/../../../../../H-x86_64-pc-linux-gnu/nios2-elf/lib/mno-hw-mul/libc.a(lib_a-fwalk.o)
 .comment       0x000000000000002c       0x2d /home/victor/intelFPGA/19.1/nios2eds/bin/gnu/H-x86_64-pc-linux-gnu/bin/../lib/gcc/nios2-elf/8.3.1/../../../../../H-x86_64-pc-linux-gnu/nios2-elf/lib/mno-hw-mul/libc.a(lib_a-impure.o)
 .comment       0x000000000000002c       0x2d /home/victor/intelFPGA/19.1/nios2eds/bin/gnu/H-x86_64-pc-linux-gnu/bin/../lib/gcc/nios2-elf/8.3.1/../../../../../H-x86_64-pc-linux-gnu/nios2-elf/lib/mno-hw-mul/libc.a(lib_a-mallocr.o)
 .comment       0x000000000000002c       0x2d /home/victor/intelFPGA/19.1/nios2eds/bin/gnu/H-x86_64-pc-linux-gnu/bin/../lib/gcc/nios2-elf/8.3.1/../../../../../H-x86_64-pc-linux-gnu/nios2-elf/lib/mno-hw-mul/libc.a(lib_a-memchr.o)
 .comment       0x000000000000002c       0x2d /home/victor/intelFPGA/19.1/nios2eds/bin/gnu/H-x86_64-pc-linux-gnu/bin/../lib/gcc/nios2-elf/8.3.1/../../../../../H-x86_64-pc-linux-gnu/nios2-elf/lib/mno-hw-mul/libc.a(lib_a-memcpy.o)
 .comment       0x000000000000002c       0x2d /home/victor/intelFPGA/19.1/nios2eds/bin/gnu/H-x86_64-pc-linux-gnu/bin/../lib/gcc/nios2-elf/8.3.1/../../../../../H-x86_64-pc-linux-gnu/nios2-elf/lib/mno-hw-mul/libc.a(lib_a-memmove.o)
 .comment       0x000000000000002c       0x2d /home/victor/intelFPGA/19.1/nios2eds/bin/gnu/H-x86_64-pc-linux-gnu/bin/../lib/gcc/nios2-elf/8.3.1/../../../../../H-x86_64-pc-linux-gnu/nios2-elf/lib/mno-hw-mul/libc.a(lib_a-memset.o)
 .comment       0x000000000000002c       0x2d /home/victor/intelFPGA/19.1/nios2eds/bin/gnu/H-x86_64-pc-linux-gnu/bin/../lib/gcc/nios2-elf/8.3.1/../../../../../H-x86_64-pc-linux-gnu/nios2-elf/lib/mno-hw-mul/libc.a(lib_a-reallocr.o)
 .comment       0x000000000000002c       0x2d /home/victor/intelFPGA/19.1/nios2eds/bin/gnu/H-x86_64-pc-linux-gnu/bin/../lib/gcc/nios2-elf/8.3.1/../../../../../H-x86_64-pc-linux-gnu/nios2-elf/lib/mno-hw-mul/libc.a(lib_a-sbrkr.o)
 .comment       0x000000000000002c       0x2d /home/victor/intelFPGA/19.1/nios2eds/bin/gnu/H-x86_64-pc-linux-gnu/bin/../lib/gcc/nios2-elf/8.3.1/../../../../../H-x86_64-pc-linux-gnu/nios2-elf/lib/mno-hw-mul/libc.a(lib_a-stdio.o)
 .comment       0x000000000000002c       0x2d /home/victor/intelFPGA/19.1/nios2eds/bin/gnu/H-x86_64-pc-linux-gnu/bin/../lib/gcc/nios2-elf/8.3.1/../../../../../H-x86_64-pc-linux-gnu/nios2-elf/lib/mno-hw-mul/libc.a(lib_a-writer.o)
 .comment       0x000000000000002c       0x2d /home/victor/intelFPGA/19.1/nios2eds/bin/gnu/H-x86_64-pc-linux-gnu/bin/../lib/gcc/nios2-elf/8.3.1/../../../../../H-x86_64-pc-linux-gnu/nios2-elf/lib/mno-hw-mul/libc.a(lib_a-wsetup.o)
 .comment       0x000000000000002c       0x2d /home/victor/intelFPGA/19.1/nios2eds/bin/gnu/H-x86_64-pc-linux-gnu/bin/../lib/gcc/nios2-elf/8.3.1/../../../../../H-x86_64-pc-linux-gnu/nios2-elf/lib/mno-hw-mul/libc.a(closer.o)
 .comment       0x000000000000002c       0x2d /home/victor/intelFPGA/19.1/nios2eds/bin/gnu/H-x86_64-pc-linux-gnu/bin/../lib/gcc/nios2-elf/8.3.1/../../../../../H-x86_64-pc-linux-gnu/nios2-elf/lib/mno-hw-mul/libc.a(lib_a-fclose.o)
 .comment       0x000000000000002c       0x2d /home/victor/intelFPGA/19.1/nios2eds/bin/gnu/H-x86_64-pc-linux-gnu/bin/../lib/gcc/nios2-elf/8.3.1/../../../../../H-x86_64-pc-linux-gnu/nios2-elf/lib/mno-hw-mul/libc.a(lib_a-fflush.o)
 .comment       0x000000000000002c       0x2d /home/victor/intelFPGA/19.1/nios2eds/bin/gnu/H-x86_64-pc-linux-gnu/bin/../lib/gcc/nios2-elf/8.3.1/../../../../../H-x86_64-pc-linux-gnu/nios2-elf/lib/mno-hw-mul/libc.a(lib_a-freer.o)
 .comment       0x000000000000002c       0x2d /home/victor/intelFPGA/19.1/nios2eds/bin/gnu/H-x86_64-pc-linux-gnu/bin/../lib/gcc/nios2-elf/8.3.1/../../../../../H-x86_64-pc-linux-gnu/nios2-elf/lib/mno-hw-mul/libc.a(lib_a-int_errno.o)
 .comment       0x000000000000002c       0x2d /home/victor/intelFPGA/19.1/nios2eds/bin/gnu/H-x86_64-pc-linux-gnu/bin/../lib/gcc/nios2-elf/8.3.1/../../../../../H-x86_64-pc-linux-gnu/nios2-elf/lib/mno-hw-mul/libc.a(lib_a-lseekr.o)
 .comment       0x000000000000002c       0x2d /home/victor/intelFPGA/19.1/nios2eds/bin/gnu/H-x86_64-pc-linux-gnu/bin/../lib/gcc/nios2-elf/8.3.1/../../../../../H-x86_64-pc-linux-gnu/nios2-elf/lib/mno-hw-mul/libc.a(lib_a-makebuf.o)
 .comment       0x000000000000002c       0x2d /home/victor/intelFPGA/19.1/nios2eds/bin/gnu/H-x86_64-pc-linux-gnu/bin/../lib/gcc/nios2-elf/8.3.1/../../../../../H-x86_64-pc-linux-gnu/nios2-elf/lib/mno-hw-mul/libc.a(lib_a-readr.o)
 .comment       0x000000000000002c       0x2d /home/victor/intelFPGA/19.1/nios2eds/bin/gnu/H-x86_64-pc-linux-gnu/bin/../lib/gcc/nios2-elf/8.3.1/../../../../../H-x86_64-pc-linux-gnu/nios2-elf/lib/mno-hw-mul/libc.a(lib_a-fstatr.o)
 .comment       0x000000000000002c       0x2d /home/victor/intelFPGA/19.1/nios2eds/bin/gnu/H-x86_64-pc-linux-gnu/bin/../lib/gcc/nios2-elf/8.3.1/../../../../../H-x86_64-pc-linux-gnu/nios2-elf/lib/mno-hw-mul/libc.a(lib_a-isattyr.o)
 .comment       0x000000000000002c       0x2d /home/victor/intelFPGA/19.1/nios2eds/bin/gnu/H-x86_64-pc-linux-gnu/bin/../lib/gcc/nios2-elf/8.3.1/mno-hw-mul/libgcc.a(lib2-divmod.o)
 .comment       0x000000000000002c       0x2d /home/victor/intelFPGA/19.1/nios2eds/bin/gnu/H-x86_64-pc-linux-gnu/bin/../lib/gcc/nios2-elf/8.3.1/mno-hw-mul/libgcc.a(lib2-mul.o)
 .comment       0x000000000000002c       0x2d ../niosLab2_bsp//libhal_bsp.a(alt_close.o)
 .comment       0x000000000000002c       0x2d ../niosLab2_bsp//libhal_bsp.a(alt_dev.o)
 .comment       0x000000000000002c       0x2d ../niosLab2_bsp//libhal_bsp.a(alt_errno.o)
 .comment       0x000000000000002c       0x2d ../niosLab2_bsp//libhal_bsp.a(alt_fstat.o)
 .comment       0x000000000000002c       0x2d ../niosLab2_bsp//libhal_bsp.a(alt_isatty.o)
 .comment       0x000000000000002c       0x2d ../niosLab2_bsp//libhal_bsp.a(alt_load.o)
 .comment       0x000000000000002c       0x2d ../niosLab2_bsp//libhal_bsp.a(alt_lseek.o)
 .comment       0x000000000000002c       0x2d ../niosLab2_bsp//libhal_bsp.a(alt_main.o)
 .comment       0x000000000000002c       0x2d ../niosLab2_bsp//libhal_bsp.a(alt_malloc_lock.o)
 .comment       0x000000000000002c       0x2d ../niosLab2_bsp//libhal_bsp.a(alt_read.o)
 .comment       0x000000000000002c       0x2d ../niosLab2_bsp//libhal_bsp.a(alt_release_fd.o)
 .comment       0x000000000000002c       0x2d ../niosLab2_bsp//libhal_bsp.a(alt_sbrk.o)
 .comment       0x000000000000002c       0x2d ../niosLab2_bsp//libhal_bsp.a(alt_usleep.o)
 .comment       0x000000000000002c       0x2d ../niosLab2_bsp//libhal_bsp.a(alt_write.o)
 .comment       0x000000000000002c       0x2d ../niosLab2_bsp//libhal_bsp.a(alt_sys_init.o)
 .comment       0x000000000000002c       0x2d ../niosLab2_bsp//libhal_bsp.a(altera_avalon_jtag_uart_fd.o)
 .comment       0x000000000000002c       0x2d ../niosLab2_bsp//libhal_bsp.a(altera_avalon_jtag_uart_read.o)
 .comment       0x000000000000002c       0x2d ../niosLab2_bsp//libhal_bsp.a(altera_avalon_jtag_uart_write.o)
 .comment       0x000000000000002c       0x2d ../niosLab2_bsp//libhal_bsp.a(alt_busy_sleep.o)
 .comment       0x000000000000002c       0x2d ../niosLab2_bsp//libhal_bsp.a(alt_dcache_flush_all.o)
 .comment       0x000000000000002c       0x2d ../niosLab2_bsp//libhal_bsp.a(alt_dev_llist_insert.o)
 .comment       0x000000000000002c       0x2d ../niosLab2_bsp//libhal_bsp.a(alt_do_ctors.o)
 .comment       0x000000000000002c       0x2d ../niosLab2_bsp//libhal_bsp.a(alt_do_dtors.o)
 .comment       0x000000000000002c       0x2d ../niosLab2_bsp//libhal_bsp.a(alt_icache_flush_all.o)
 .comment       0x000000000000002c       0x2d ../niosLab2_bsp//libhal_bsp.a(alt_io_redirect.o)
 .comment       0x000000000000002c       0x2d ../niosLab2_bsp//libhal_bsp.a(alt_open.o)
 .comment       0x000000000000002c       0x2d ../niosLab2_bsp//libhal_bsp.a(altera_nios2_gen2_irq.o)
 .comment       0x000000000000002c       0x2d ../niosLab2_bsp//libhal_bsp.a(alt_find_dev.o)
 .comment       0x000000000000002c       0x2d ../niosLab2_bsp//libhal_bsp.a(alt_find_file.o)
 .comment       0x000000000000002c       0x2d ../niosLab2_bsp//libhal_bsp.a(alt_get_fd.o)
 .comment       0x000000000000002c       0x2d /home/victor/intelFPGA/19.1/nios2eds/bin/gnu/H-x86_64-pc-linux-gnu/bin/../lib/gcc/nios2-elf/8.3.1/../../../../../H-x86_64-pc-linux-gnu/nios2-elf/lib/mno-hw-mul/libc.a(lib_a-atexit.o)
 .comment       0x000000000000002c       0x2d /home/victor/intelFPGA/19.1/nios2eds/bin/gnu/H-x86_64-pc-linux-gnu/bin/../lib/gcc/nios2-elf/8.3.1/../../../../../H-x86_64-pc-linux-gnu/nios2-elf/lib/mno-hw-mul/libc.a(lib_a-exit.o)
 .comment       0x000000000000002c       0x2d /home/victor/intelFPGA/19.1/nios2eds/bin/gnu/H-x86_64-pc-linux-gnu/bin/../lib/gcc/nios2-elf/8.3.1/../../../../../H-x86_64-pc-linux-gnu/nios2-elf/lib/mno-hw-mul/libc.a(lib_a-memcmp.o)
 .comment       0x000000000000002c       0x2d /home/victor/intelFPGA/19.1/nios2eds/bin/gnu/H-x86_64-pc-linux-gnu/bin/../lib/gcc/nios2-elf/8.3.1/../../../../../H-x86_64-pc-linux-gnu/nios2-elf/lib/mno-hw-mul/libc.a(lib_a-__atexit.o)
 .comment       0x000000000000002c       0x2d /home/victor/intelFPGA/19.1/nios2eds/bin/gnu/H-x86_64-pc-linux-gnu/bin/../lib/gcc/nios2-elf/8.3.1/../../../../../H-x86_64-pc-linux-gnu/nios2-elf/lib/mno-hw-mul/libc.a(lib_a-__call_atexit.o)
 .comment       0x000000000000002c       0x2d ../niosLab2_bsp//libhal_bsp.a(alt_exit.o)

.debug
 *(.debug)

.line
 *(.line)

.debug_srcinfo
 *(.debug_srcinfo)

.debug_sfnames
 *(.debug_sfnames)

.debug_aranges  0x0000000000000000      0x8d0
 *(.debug_aranges)
 .debug_aranges
                0x0000000000000000       0x28 ../niosLab2_bsp//obj/HAL/src/crt0.o
 .debug_aranges
                0x0000000000000028       0x20 obj/default/hello_world.o
 .debug_aranges
                0x0000000000000048       0x28 /home/victor/intelFPGA/19.1/nios2eds/bin/gnu/H-x86_64-pc-linux-gnu/bin/../lib/gcc/nios2-elf/8.3.1/../../../../../H-x86_64-pc-linux-gnu/nios2-elf/lib/mno-hw-mul/libc.a(lib_a-puts.o)
 .debug_aranges
                0x0000000000000070       0x20 /home/victor/intelFPGA/19.1/nios2eds/bin/gnu/H-x86_64-pc-linux-gnu/bin/../lib/gcc/nios2-elf/8.3.1/../../../../../H-x86_64-pc-linux-gnu/nios2-elf/lib/mno-hw-mul/libc.a(lib_a-strlen.o)
 .debug_aranges
                0x0000000000000090       0x68 /home/victor/intelFPGA/19.1/nios2eds/bin/gnu/H-x86_64-pc-linux-gnu/bin/../lib/gcc/nios2-elf/8.3.1/../../../../../H-x86_64-pc-linux-gnu/nios2-elf/lib/mno-hw-mul/libc.a(lib_a-findfp.o)
 .debug_aranges
                0x00000000000000f8       0x20 /home/victor/intelFPGA/19.1/nios2eds/bin/gnu/H-x86_64-pc-linux-gnu/bin/../lib/gcc/nios2-elf/8.3.1/../../../../../H-x86_64-pc-linux-gnu/nios2-elf/lib/mno-hw-mul/libc.a(lib_a-fvwrite.o)
 .debug_aranges
                0x0000000000000118       0x28 /home/victor/intelFPGA/19.1/nios2eds/bin/gnu/H-x86_64-pc-linux-gnu/bin/../lib/gcc/nios2-elf/8.3.1/../../../../../H-x86_64-pc-linux-gnu/nios2-elf/lib/mno-hw-mul/libc.a(lib_a-fwalk.o)
 .debug_aranges
                0x0000000000000140       0x18 /home/victor/intelFPGA/19.1/nios2eds/bin/gnu/H-x86_64-pc-linux-gnu/bin/../lib/gcc/nios2-elf/8.3.1/../../../../../H-x86_64-pc-linux-gnu/nios2-elf/lib/mno-hw-mul/libc.a(lib_a-impure.o)
 .debug_aranges
                0x0000000000000158       0x20 /home/victor/intelFPGA/19.1/nios2eds/bin/gnu/H-x86_64-pc-linux-gnu/bin/../lib/gcc/nios2-elf/8.3.1/../../../../../H-x86_64-pc-linux-gnu/nios2-elf/lib/mno-hw-mul/libc.a(lib_a-mallocr.o)
 .debug_aranges
                0x0000000000000178       0x20 /home/victor/intelFPGA/19.1/nios2eds/bin/gnu/H-x86_64-pc-linux-gnu/bin/../lib/gcc/nios2-elf/8.3.1/../../../../../H-x86_64-pc-linux-gnu/nios2-elf/lib/mno-hw-mul/libc.a(lib_a-memchr.o)
 .debug_aranges
                0x0000000000000198       0x20 /home/victor/intelFPGA/19.1/nios2eds/bin/gnu/H-x86_64-pc-linux-gnu/bin/../lib/gcc/nios2-elf/8.3.1/../../../../../H-x86_64-pc-linux-gnu/nios2-elf/lib/mno-hw-mul/libc.a(lib_a-memcpy.o)
 .debug_aranges
                0x00000000000001b8       0x20 /home/victor/intelFPGA/19.1/nios2eds/bin/gnu/H-x86_64-pc-linux-gnu/bin/../lib/gcc/nios2-elf/8.3.1/../../../../../H-x86_64-pc-linux-gnu/nios2-elf/lib/mno-hw-mul/libc.a(lib_a-memmove.o)
 .debug_aranges
                0x00000000000001d8       0x20 /home/victor/intelFPGA/19.1/nios2eds/bin/gnu/H-x86_64-pc-linux-gnu/bin/../lib/gcc/nios2-elf/8.3.1/../../../../../H-x86_64-pc-linux-gnu/nios2-elf/lib/mno-hw-mul/libc.a(lib_a-memset.o)
 .debug_aranges
                0x00000000000001f8       0x20 /home/victor/intelFPGA/19.1/nios2eds/bin/gnu/H-x86_64-pc-linux-gnu/bin/../lib/gcc/nios2-elf/8.3.1/../../../../../H-x86_64-pc-linux-gnu/nios2-elf/lib/mno-hw-mul/libc.a(lib_a-reallocr.o)
 .debug_aranges
                0x0000000000000218       0x20 /home/victor/intelFPGA/19.1/nios2eds/bin/gnu/H-x86_64-pc-linux-gnu/bin/../lib/gcc/nios2-elf/8.3.1/../../../../../H-x86_64-pc-linux-gnu/nios2-elf/lib/mno-hw-mul/libc.a(lib_a-sbrkr.o)
 .debug_aranges
                0x0000000000000238       0x40 /home/victor/intelFPGA/19.1/nios2eds/bin/gnu/H-x86_64-pc-linux-gnu/bin/../lib/gcc/nios2-elf/8.3.1/../../../../../H-x86_64-pc-linux-gnu/nios2-elf/lib/mno-hw-mul/libc.a(lib_a-stdio.o)
 .debug_aranges
                0x0000000000000278       0x20 /home/victor/intelFPGA/19.1/nios2eds/bin/gnu/H-x86_64-pc-linux-gnu/bin/../lib/gcc/nios2-elf/8.3.1/../../../../../H-x86_64-pc-linux-gnu/nios2-elf/lib/mno-hw-mul/libc.a(lib_a-writer.o)
 .debug_aranges
                0x0000000000000298       0x20 /home/victor/intelFPGA/19.1/nios2eds/bin/gnu/H-x86_64-pc-linux-gnu/bin/../lib/gcc/nios2-elf/8.3.1/../../../../../H-x86_64-pc-linux-gnu/nios2-elf/lib/mno-hw-mul/libc.a(lib_a-wsetup.o)
 .debug_aranges
                0x00000000000002b8       0x20 /home/victor/intelFPGA/19.1/nios2eds/bin/gnu/H-x86_64-pc-linux-gnu/bin/../lib/gcc/nios2-elf/8.3.1/../../../../../H-x86_64-pc-linux-gnu/nios2-elf/lib/mno-hw-mul/libc.a(closer.o)
 .debug_aranges
                0x00000000000002d8       0x28 /home/victor/intelFPGA/19.1/nios2eds/bin/gnu/H-x86_64-pc-linux-gnu/bin/../lib/gcc/nios2-elf/8.3.1/../../../../../H-x86_64-pc-linux-gnu/nios2-elf/lib/mno-hw-mul/libc.a(lib_a-fclose.o)
 .debug_aranges
                0x0000000000000300       0x30 /home/victor/intelFPGA/19.1/nios2eds/bin/gnu/H-x86_64-pc-linux-gnu/bin/../lib/gcc/nios2-elf/8.3.1/../../../../../H-x86_64-pc-linux-gnu/nios2-elf/lib/mno-hw-mul/libc.a(lib_a-fflush.o)
 .debug_aranges
                0x0000000000000330       0x28 /home/victor/intelFPGA/19.1/nios2eds/bin/gnu/H-x86_64-pc-linux-gnu/bin/../lib/gcc/nios2-elf/8.3.1/../../../../../H-x86_64-pc-linux-gnu/nios2-elf/lib/mno-hw-mul/libc.a(lib_a-freer.o)
 .debug_aranges
                0x0000000000000358       0x18 /home/victor/intelFPGA/19.1/nios2eds/bin/gnu/H-x86_64-pc-linux-gnu/bin/../lib/gcc/nios2-elf/8.3.1/../../../../../H-x86_64-pc-linux-gnu/nios2-elf/lib/mno-hw-mul/libc.a(lib_a-int_errno.o)
 .debug_aranges
                0x0000000000000370       0x20 /home/victor/intelFPGA/19.1/nios2eds/bin/gnu/H-x86_64-pc-linux-gnu/bin/../lib/gcc/nios2-elf/8.3.1/../../../../../H-x86_64-pc-linux-gnu/nios2-elf/lib/mno-hw-mul/libc.a(lib_a-lseekr.o)
 .debug_aranges
                0x0000000000000390       0x28 /home/victor/intelFPGA/19.1/nios2eds/bin/gnu/H-x86_64-pc-linux-gnu/bin/../lib/gcc/nios2-elf/8.3.1/../../../../../H-x86_64-pc-linux-gnu/nios2-elf/lib/mno-hw-mul/libc.a(lib_a-makebuf.o)
 .debug_aranges
                0x00000000000003b8       0x20 /home/victor/intelFPGA/19.1/nios2eds/bin/gnu/H-x86_64-pc-linux-gnu/bin/../lib/gcc/nios2-elf/8.3.1/../../../../../H-x86_64-pc-linux-gnu/nios2-elf/lib/mno-hw-mul/libc.a(lib_a-readr.o)
 .debug_aranges
                0x00000000000003d8       0x20 /home/victor/intelFPGA/19.1/nios2eds/bin/gnu/H-x86_64-pc-linux-gnu/bin/../lib/gcc/nios2-elf/8.3.1/../../../../../H-x86_64-pc-linux-gnu/nios2-elf/lib/mno-hw-mul/libc.a(lib_a-fstatr.o)
 .debug_aranges
                0x00000000000003f8       0x20 /home/victor/intelFPGA/19.1/nios2eds/bin/gnu/H-x86_64-pc-linux-gnu/bin/../lib/gcc/nios2-elf/8.3.1/../../../../../H-x86_64-pc-linux-gnu/nios2-elf/lib/mno-hw-mul/libc.a(lib_a-isattyr.o)
 .debug_aranges
                0x0000000000000418       0x20 /home/victor/intelFPGA/19.1/nios2eds/bin/gnu/H-x86_64-pc-linux-gnu/bin/../lib/gcc/nios2-elf/8.3.1/mno-hw-mul/libgcc.a(lib2-divmod.o)
 .debug_aranges
                0x0000000000000438       0x20 /home/victor/intelFPGA/19.1/nios2eds/bin/gnu/H-x86_64-pc-linux-gnu/bin/../lib/gcc/nios2-elf/8.3.1/mno-hw-mul/libgcc.a(lib2-mul.o)
 .debug_aranges
                0x0000000000000458       0x20 ../niosLab2_bsp//libhal_bsp.a(alt_close.o)
 .debug_aranges
                0x0000000000000478       0x20 ../niosLab2_bsp//libhal_bsp.a(alt_dev.o)
 .debug_aranges
                0x0000000000000498       0x18 ../niosLab2_bsp//libhal_bsp.a(alt_errno.o)
 .debug_aranges
                0x00000000000004b0       0x20 ../niosLab2_bsp//libhal_bsp.a(alt_fstat.o)
 .debug_aranges
                0x00000000000004d0       0x20 ../niosLab2_bsp//libhal_bsp.a(alt_isatty.o)
 .debug_aranges
                0x00000000000004f0       0x20 ../niosLab2_bsp//libhal_bsp.a(alt_load.o)
 .debug_aranges
                0x0000000000000510       0x20 ../niosLab2_bsp//libhal_bsp.a(alt_lseek.o)
 .debug_aranges
                0x0000000000000530       0x20 ../niosLab2_bsp//libhal_bsp.a(alt_main.o)
 .debug_aranges
                0x0000000000000550       0x20 ../niosLab2_bsp//libhal_bsp.a(alt_malloc_lock.o)
 .debug_aranges
                0x0000000000000570       0x20 ../niosLab2_bsp//libhal_bsp.a(alt_read.o)
 .debug_aranges
                0x0000000000000590       0x20 ../niosLab2_bsp//libhal_bsp.a(alt_release_fd.o)
 .debug_aranges
                0x00000000000005b0       0x20 ../niosLab2_bsp//libhal_bsp.a(alt_sbrk.o)
 .debug_aranges
                0x00000000000005d0       0x20 ../niosLab2_bsp//libhal_bsp.a(alt_usleep.o)
 .debug_aranges
                0x00000000000005f0       0x20 ../niosLab2_bsp//libhal_bsp.a(alt_write.o)
 .debug_aranges
                0x0000000000000610       0x20 ../niosLab2_bsp//libhal_bsp.a(alt_sys_init.o)
 .debug_aranges
                0x0000000000000630       0x20 ../niosLab2_bsp//libhal_bsp.a(altera_avalon_jtag_uart_fd.o)
 .debug_aranges
                0x0000000000000650       0x20 ../niosLab2_bsp//libhal_bsp.a(altera_avalon_jtag_uart_read.o)
 .debug_aranges
                0x0000000000000670       0x20 ../niosLab2_bsp//libhal_bsp.a(altera_avalon_jtag_uart_write.o)
 .debug_aranges
                0x0000000000000690       0x20 ../niosLab2_bsp//libhal_bsp.a(alt_busy_sleep.o)
 .debug_aranges
                0x00000000000006b0       0x20 ../niosLab2_bsp//libhal_bsp.a(alt_dcache_flush_all.o)
 .debug_aranges
                0x00000000000006d0       0x20 ../niosLab2_bsp//libhal_bsp.a(alt_dev_llist_insert.o)
 .debug_aranges
                0x00000000000006f0       0x20 ../niosLab2_bsp//libhal_bsp.a(alt_do_ctors.o)
 .debug_aranges
                0x0000000000000710       0x20 ../niosLab2_bsp//libhal_bsp.a(alt_do_dtors.o)
 .debug_aranges
                0x0000000000000730       0x20 ../niosLab2_bsp//libhal_bsp.a(alt_icache_flush_all.o)
 .debug_aranges
                0x0000000000000750       0x20 ../niosLab2_bsp//libhal_bsp.a(alt_io_redirect.o)
 .debug_aranges
                0x0000000000000770       0x20 ../niosLab2_bsp//libhal_bsp.a(alt_open.o)
 .debug_aranges
                0x0000000000000790       0x20 ../niosLab2_bsp//libhal_bsp.a(altera_nios2_gen2_irq.o)
 .debug_aranges
                0x00000000000007b0       0x20 ../niosLab2_bsp//libhal_bsp.a(alt_find_dev.o)
 .debug_aranges
                0x00000000000007d0       0x20 ../niosLab2_bsp//libhal_bsp.a(alt_find_file.o)
 .debug_aranges
                0x00000000000007f0       0x20 ../niosLab2_bsp//libhal_bsp.a(alt_get_fd.o)
 .debug_aranges
                0x0000000000000810       0x20 /home/victor/intelFPGA/19.1/nios2eds/bin/gnu/H-x86_64-pc-linux-gnu/bin/../lib/gcc/nios2-elf/8.3.1/../../../../../H-x86_64-pc-linux-gnu/nios2-elf/lib/mno-hw-mul/libc.a(lib_a-atexit.o)
 .debug_aranges
                0x0000000000000830       0x20 /home/victor/intelFPGA/19.1/nios2eds/bin/gnu/H-x86_64-pc-linux-gnu/bin/../lib/gcc/nios2-elf/8.3.1/../../../../../H-x86_64-pc-linux-gnu/nios2-elf/lib/mno-hw-mul/libc.a(lib_a-exit.o)
 .debug_aranges
                0x0000000000000850       0x20 /home/victor/intelFPGA/19.1/nios2eds/bin/gnu/H-x86_64-pc-linux-gnu/bin/../lib/gcc/nios2-elf/8.3.1/../../../../../H-x86_64-pc-linux-gnu/nios2-elf/lib/mno-hw-mul/libc.a(lib_a-memcmp.o)
 .debug_aranges
                0x0000000000000870       0x20 /home/victor/intelFPGA/19.1/nios2eds/bin/gnu/H-x86_64-pc-linux-gnu/bin/../lib/gcc/nios2-elf/8.3.1/../../../../../H-x86_64-pc-linux-gnu/nios2-elf/lib/mno-hw-mul/libc.a(lib_a-__atexit.o)
 .debug_aranges
                0x0000000000000890       0x20 /home/victor/intelFPGA/19.1/nios2eds/bin/gnu/H-x86_64-pc-linux-gnu/bin/../lib/gcc/nios2-elf/8.3.1/../../../../../H-x86_64-pc-linux-gnu/nios2-elf/lib/mno-hw-mul/libc.a(lib_a-__call_atexit.o)
 .debug_aranges
                0x00000000000008b0       0x20 ../niosLab2_bsp//libhal_bsp.a(alt_exit.o)

.debug_pubnames
 *(.debug_pubnames)

.debug_info     0x0000000000000000    0x2bdaf
 *(.debug_info .gnu.linkonce.wi.*)
 .debug_info    0x0000000000000000       0x22 ../niosLab2_bsp//obj/HAL/src/crt0.o
 .debug_info    0x0000000000000022      0x994 obj/default/hello_world.o
 .debug_info    0x00000000000009b6      0xcea /home/victor/intelFPGA/19.1/nios2eds/bin/gnu/H-x86_64-pc-linux-gnu/bin/../lib/gcc/nios2-elf/8.3.1/../../../../../H-x86_64-pc-linux-gnu/nios2-elf/lib/mno-hw-mul/libc.a(lib_a-puts.o)
 .debug_info    0x00000000000016a0      0x97c /home/victor/intelFPGA/19.1/nios2eds/bin/gnu/H-x86_64-pc-linux-gnu/bin/../lib/gcc/nios2-elf/8.3.1/../../../../../H-x86_64-pc-linux-gnu/nios2-elf/lib/mno-hw-mul/libc.a(lib_a-strlen.o)
 .debug_info    0x000000000000201c     0x10c2 /home/victor/intelFPGA/19.1/nios2eds/bin/gnu/H-x86_64-pc-linux-gnu/bin/../lib/gcc/nios2-elf/8.3.1/../../../../../H-x86_64-pc-linux-gnu/nios2-elf/lib/mno-hw-mul/libc.a(lib_a-findfp.o)
 .debug_info    0x00000000000030de      0xeee /home/victor/intelFPGA/19.1/nios2eds/bin/gnu/H-x86_64-pc-linux-gnu/bin/../lib/gcc/nios2-elf/8.3.1/../../../../../H-x86_64-pc-linux-gnu/nios2-elf/lib/mno-hw-mul/libc.a(lib_a-fvwrite.o)
 .debug_info    0x0000000000003fcc      0xcad /home/victor/intelFPGA/19.1/nios2eds/bin/gnu/H-x86_64-pc-linux-gnu/bin/../lib/gcc/nios2-elf/8.3.1/../../../../../H-x86_64-pc-linux-gnu/nios2-elf/lib/mno-hw-mul/libc.a(lib_a-fwalk.o)
 .debug_info    0x0000000000004c79      0x933 /home/victor/intelFPGA/19.1/nios2eds/bin/gnu/H-x86_64-pc-linux-gnu/bin/../lib/gcc/nios2-elf/8.3.1/../../../../../H-x86_64-pc-linux-gnu/nios2-elf/lib/mno-hw-mul/libc.a(lib_a-impure.o)
 .debug_info    0x00000000000055ac      0xf22 /home/victor/intelFPGA/19.1/nios2eds/bin/gnu/H-x86_64-pc-linux-gnu/bin/../lib/gcc/nios2-elf/8.3.1/../../../../../H-x86_64-pc-linux-gnu/nios2-elf/lib/mno-hw-mul/libc.a(lib_a-mallocr.o)
 .debug_info    0x00000000000064ce      0x9ec /home/victor/intelFPGA/19.1/nios2eds/bin/gnu/H-x86_64-pc-linux-gnu/bin/../lib/gcc/nios2-elf/8.3.1/../../../../../H-x86_64-pc-linux-gnu/nios2-elf/lib/mno-hw-mul/libc.a(lib_a-memchr.o)
 .debug_info    0x0000000000006eba      0xf44 /home/victor/intelFPGA/19.1/nios2eds/bin/gnu/H-x86_64-pc-linux-gnu/bin/../lib/gcc/nios2-elf/8.3.1/../../../../../H-x86_64-pc-linux-gnu/nios2-elf/lib/mno-hw-mul/libc.a(lib_a-memcpy.o)
 .debug_info    0x0000000000007dfe      0xf3a /home/victor/intelFPGA/19.1/nios2eds/bin/gnu/H-x86_64-pc-linux-gnu/bin/../lib/gcc/nios2-elf/8.3.1/../../../../../H-x86_64-pc-linux-gnu/nios2-elf/lib/mno-hw-mul/libc.a(lib_a-memmove.o)
 .debug_info    0x0000000000008d38      0xf2a /home/victor/intelFPGA/19.1/nios2eds/bin/gnu/H-x86_64-pc-linux-gnu/bin/../lib/gcc/nios2-elf/8.3.1/../../../../../H-x86_64-pc-linux-gnu/nios2-elf/lib/mno-hw-mul/libc.a(lib_a-memset.o)
 .debug_info    0x0000000000009c62      0xf4c /home/victor/intelFPGA/19.1/nios2eds/bin/gnu/H-x86_64-pc-linux-gnu/bin/../lib/gcc/nios2-elf/8.3.1/../../../../../H-x86_64-pc-linux-gnu/nios2-elf/lib/mno-hw-mul/libc.a(lib_a-reallocr.o)
 .debug_info    0x000000000000abae      0xa03 /home/victor/intelFPGA/19.1/nios2eds/bin/gnu/H-x86_64-pc-linux-gnu/bin/../lib/gcc/nios2-elf/8.3.1/../../../../../H-x86_64-pc-linux-gnu/nios2-elf/lib/mno-hw-mul/libc.a(lib_a-sbrkr.o)
 .debug_info    0x000000000000b5b1      0xe6a /home/victor/intelFPGA/19.1/nios2eds/bin/gnu/H-x86_64-pc-linux-gnu/bin/../lib/gcc/nios2-elf/8.3.1/../../../../../H-x86_64-pc-linux-gnu/nios2-elf/lib/mno-hw-mul/libc.a(lib_a-stdio.o)
 .debug_info    0x000000000000c41b      0xa35 /home/victor/intelFPGA/19.1/nios2eds/bin/gnu/H-x86_64-pc-linux-gnu/bin/../lib/gcc/nios2-elf/8.3.1/../../../../../H-x86_64-pc-linux-gnu/nios2-elf/lib/mno-hw-mul/libc.a(lib_a-writer.o)
 .debug_info    0x000000000000ce50      0xbfc /home/victor/intelFPGA/19.1/nios2eds/bin/gnu/H-x86_64-pc-linux-gnu/bin/../lib/gcc/nios2-elf/8.3.1/../../../../../H-x86_64-pc-linux-gnu/nios2-elf/lib/mno-hw-mul/libc.a(lib_a-wsetup.o)
 .debug_info    0x000000000000da4c      0x9e0 /home/victor/intelFPGA/19.1/nios2eds/bin/gnu/H-x86_64-pc-linux-gnu/bin/../lib/gcc/nios2-elf/8.3.1/../../../../../H-x86_64-pc-linux-gnu/nios2-elf/lib/mno-hw-mul/libc.a(closer.o)
 .debug_info    0x000000000000e42c      0xcde /home/victor/intelFPGA/19.1/nios2eds/bin/gnu/H-x86_64-pc-linux-gnu/bin/../lib/gcc/nios2-elf/8.3.1/../../../../../H-x86_64-pc-linux-gnu/nios2-elf/lib/mno-hw-mul/libc.a(lib_a-fclose.o)
 .debug_info    0x000000000000f10a      0xd7e /home/victor/intelFPGA/19.1/nios2eds/bin/gnu/H-x86_64-pc-linux-gnu/bin/../lib/gcc/nios2-elf/8.3.1/../../../../../H-x86_64-pc-linux-gnu/nios2-elf/lib/mno-hw-mul/libc.a(lib_a-fflush.o)
 .debug_info    0x000000000000fe88      0xda3 /home/victor/intelFPGA/19.1/nios2eds/bin/gnu/H-x86_64-pc-linux-gnu/bin/../lib/gcc/nios2-elf/8.3.1/../../../../../H-x86_64-pc-linux-gnu/nios2-elf/lib/mno-hw-mul/libc.a(lib_a-freer.o)
 .debug_info    0x0000000000010c2b      0x929 /home/victor/intelFPGA/19.1/nios2eds/bin/gnu/H-x86_64-pc-linux-gnu/bin/../lib/gcc/nios2-elf/8.3.1/../../../../../H-x86_64-pc-linux-gnu/nios2-elf/lib/mno-hw-mul/libc.a(lib_a-int_errno.o)
 .debug_info    0x0000000000011554      0xa16 /home/victor/intelFPGA/19.1/nios2eds/bin/gnu/H-x86_64-pc-linux-gnu/bin/../lib/gcc/nios2-elf/8.3.1/../../../../../H-x86_64-pc-linux-gnu/nios2-elf/lib/mno-hw-mul/libc.a(lib_a-lseekr.o)
 .debug_info    0x0000000000011f6a      0xf87 /home/victor/intelFPGA/19.1/nios2eds/bin/gnu/H-x86_64-pc-linux-gnu/bin/../lib/gcc/nios2-elf/8.3.1/../../../../../H-x86_64-pc-linux-gnu/nios2-elf/lib/mno-hw-mul/libc.a(lib_a-makebuf.o)
 .debug_info    0x0000000000012ef1      0xa2e /home/victor/intelFPGA/19.1/nios2eds/bin/gnu/H-x86_64-pc-linux-gnu/bin/../lib/gcc/nios2-elf/8.3.1/../../../../../H-x86_64-pc-linux-gnu/nios2-elf/lib/mno-hw-mul/libc.a(lib_a-readr.o)
 .debug_info    0x000000000001391f      0xc2c /home/victor/intelFPGA/19.1/nios2eds/bin/gnu/H-x86_64-pc-linux-gnu/bin/../lib/gcc/nios2-elf/8.3.1/../../../../../H-x86_64-pc-linux-gnu/nios2-elf/lib/mno-hw-mul/libc.a(lib_a-fstatr.o)
 .debug_info    0x000000000001454b      0x9e0 /home/victor/intelFPGA/19.1/nios2eds/bin/gnu/H-x86_64-pc-linux-gnu/bin/../lib/gcc/nios2-elf/8.3.1/../../../../../H-x86_64-pc-linux-gnu/nios2-elf/lib/mno-hw-mul/libc.a(lib_a-isattyr.o)
 .debug_info    0x0000000000014f2b      0x368 /home/victor/intelFPGA/19.1/nios2eds/bin/gnu/H-x86_64-pc-linux-gnu/bin/../lib/gcc/nios2-elf/8.3.1/mno-hw-mul/libgcc.a(lib2-divmod.o)
 .debug_info    0x0000000000015293       0xcb /home/victor/intelFPGA/19.1/nios2eds/bin/gnu/H-x86_64-pc-linux-gnu/bin/../lib/gcc/nios2-elf/8.3.1/mno-hw-mul/libgcc.a(lib2-mul.o)
 .debug_info    0x000000000001535e      0xc5d ../niosLab2_bsp//libhal_bsp.a(alt_close.o)
 .debug_info    0x0000000000015fbb      0xe91 ../niosLab2_bsp//libhal_bsp.a(alt_dev.o)
 .debug_info    0x0000000000016e4c      0x96f ../niosLab2_bsp//libhal_bsp.a(alt_errno.o)
 .debug_info    0x00000000000177bb      0xe34 ../niosLab2_bsp//libhal_bsp.a(alt_fstat.o)
 .debug_info    0x00000000000185ef      0xe37 ../niosLab2_bsp//libhal_bsp.a(alt_isatty.o)
 .debug_info    0x0000000000019426      0x9f2 ../niosLab2_bsp//libhal_bsp.a(alt_load.o)
 .debug_info    0x0000000000019e18      0xc92 ../niosLab2_bsp//libhal_bsp.a(alt_lseek.o)
 .debug_info    0x000000000001aaaa      0xe72 ../niosLab2_bsp//libhal_bsp.a(alt_main.o)
 .debug_info    0x000000000001b91c      0x959 ../niosLab2_bsp//libhal_bsp.a(alt_malloc_lock.o)
 .debug_info    0x000000000001c275      0xead ../niosLab2_bsp//libhal_bsp.a(alt_read.o)
 .debug_info    0x000000000001d122      0x2e9 ../niosLab2_bsp//libhal_bsp.a(alt_release_fd.o)
 .debug_info    0x000000000001d40b      0xa72 ../niosLab2_bsp//libhal_bsp.a(alt_sbrk.o)
 .debug_info    0x000000000001de7d      0x10b ../niosLab2_bsp//libhal_bsp.a(alt_usleep.o)
 .debug_info    0x000000000001df88      0xeb4 ../niosLab2_bsp//libhal_bsp.a(alt_write.o)
 .debug_info    0x000000000001ee3c      0xca2 ../niosLab2_bsp//libhal_bsp.a(alt_sys_init.o)
 .debug_info    0x000000000001fade      0x3cd ../niosLab2_bsp//libhal_bsp.a(altera_avalon_jtag_uart_fd.o)
 .debug_info    0x000000000001feab      0xab4 ../niosLab2_bsp//libhal_bsp.a(altera_avalon_jtag_uart_read.o)
 .debug_info    0x000000000002095f      0xa90 ../niosLab2_bsp//libhal_bsp.a(altera_avalon_jtag_uart_write.o)
 .debug_info    0x00000000000213ef      0x96f ../niosLab2_bsp//libhal_bsp.a(alt_busy_sleep.o)
 .debug_info    0x0000000000021d5e      0x931 ../niosLab2_bsp//libhal_bsp.a(alt_dcache_flush_all.o)
 .debug_info    0x000000000002268f      0xa6b ../niosLab2_bsp//libhal_bsp.a(alt_dev_llist_insert.o)
 .debug_info    0x00000000000230fa       0x88 ../niosLab2_bsp//libhal_bsp.a(alt_do_ctors.o)